target.c:56:6:real_distance_m_calc	16	static
target.c:65:6:real_distance_w_calc	24	static
target.c:73:6:real_distance_m_clr	0	static
target.c:81:6:real_distance_w_clr	0	static
target.c:89:6:target_distance_m_set	0	static
target.c:97:6:target_distance_w_set	0	static
target.c:105:6:target_distance_m_clr	0	static
target.c:114:6:target_distance_w_clr	0	static
target.c:122:6:start_acceleration	8	static
target.c:143:6:half_acceleration	8	static
target.c:164:6:half_deceleration	16	static
target.c:184:6:constant_speed	8	static
target.c:204:6:turn_clk_90	8	static
target.c:224:6:turn_conclk_90	8	static
target.c:244:6:turn_conclk_180	8	static
target.c:264:6:move_front	16	static
target.c:278:6:move_right	40	static
target.c:295:6:move_left	32	static
target.c:312:6:move_back	32	static
target.c:331:6:target_speed_inc	40	static
target.c:403:6:target_speed_m_calc	4	static
target.c:471:6:target_speed_w_calc	24	static
target.c:525:6:Operation_amount_calc	64	static
