Archive member included to satisfy reference by file (symbol)

c:/st/stm32cubeide_1.0.0/stm32cubeide/plugins/com.st.stm32cube.ide.mcu.externaltools.gnu-tools-for-stm32.7-2018-q2-update.win32_1.0.0.201904181610/tools/bin/../lib/gcc/arm-none-eabi/7.3.1/../../../../arm-none-eabi/lib/thumb/v7e-m/fpv4-sp/hard\libc_nano.a(lib_a-errno.o)
                              Src/syscalls.o (__errno)
c:/st/stm32cubeide_1.0.0/stm32cubeide/plugins/com.st.stm32cube.ide.mcu.externaltools.gnu-tools-for-stm32.7-2018-q2-update.win32_1.0.0.201904181610/tools/bin/../lib/gcc/arm-none-eabi/7.3.1/../../../../arm-none-eabi/lib/thumb/v7e-m/fpv4-sp/hard\libc_nano.a(lib_a-exit.o)
                              c:/st/stm32cubeide_1.0.0/stm32cubeide/plugins/com.st.stm32cube.ide.mcu.externaltools.gnu-tools-for-stm32.7-2018-q2-update.win32_1.0.0.201904181610/tools/bin/../lib/gcc/arm-none-eabi/7.3.1/../../../../arm-none-eabi/lib/thumb/v7e-m/fpv4-sp/hard/crt0.o (exit)
c:/st/stm32cubeide_1.0.0/stm32cubeide/plugins/com.st.stm32cube.ide.mcu.externaltools.gnu-tools-for-stm32.7-2018-q2-update.win32_1.0.0.201904181610/tools/bin/../lib/gcc/arm-none-eabi/7.3.1/../../../../arm-none-eabi/lib/thumb/v7e-m/fpv4-sp/hard\libc_nano.a(lib_a-fflush.o)
                              Src/module_test.o (fflush)
c:/st/stm32cubeide_1.0.0/stm32cubeide/plugins/com.st.stm32cube.ide.mcu.externaltools.gnu-tools-for-stm32.7-2018-q2-update.win32_1.0.0.201904181610/tools/bin/../lib/gcc/arm-none-eabi/7.3.1/../../../../arm-none-eabi/lib/thumb/v7e-m/fpv4-sp/hard\libc_nano.a(lib_a-findfp.o)
                              c:/st/stm32cubeide_1.0.0/stm32cubeide/plugins/com.st.stm32cube.ide.mcu.externaltools.gnu-tools-for-stm32.7-2018-q2-update.win32_1.0.0.201904181610/tools/bin/../lib/gcc/arm-none-eabi/7.3.1/../../../../arm-none-eabi/lib/thumb/v7e-m/fpv4-sp/hard\libc_nano.a(lib_a-fflush.o) (__sinit)
c:/st/stm32cubeide_1.0.0/stm32cubeide/plugins/com.st.stm32cube.ide.mcu.externaltools.gnu-tools-for-stm32.7-2018-q2-update.win32_1.0.0.201904181610/tools/bin/../lib/gcc/arm-none-eabi/7.3.1/../../../../arm-none-eabi/lib/thumb/v7e-m/fpv4-sp/hard\libc_nano.a(lib_a-fwalk.o)
                              c:/st/stm32cubeide_1.0.0/stm32cubeide/plugins/com.st.stm32cube.ide.mcu.externaltools.gnu-tools-for-stm32.7-2018-q2-update.win32_1.0.0.201904181610/tools/bin/../lib/gcc/arm-none-eabi/7.3.1/../../../../arm-none-eabi/lib/thumb/v7e-m/fpv4-sp/hard\libc_nano.a(lib_a-findfp.o) (_fwalk)
c:/st/stm32cubeide_1.0.0/stm32cubeide/plugins/com.st.stm32cube.ide.mcu.externaltools.gnu-tools-for-stm32.7-2018-q2-update.win32_1.0.0.201904181610/tools/bin/../lib/gcc/arm-none-eabi/7.3.1/../../../../arm-none-eabi/lib/thumb/v7e-m/fpv4-sp/hard\libc_nano.a(lib_a-impure.o)
                              c:/st/stm32cubeide_1.0.0/stm32cubeide/plugins/com.st.stm32cube.ide.mcu.externaltools.gnu-tools-for-stm32.7-2018-q2-update.win32_1.0.0.201904181610/tools/bin/../lib/gcc/arm-none-eabi/7.3.1/../../../../arm-none-eabi/lib/thumb/v7e-m/fpv4-sp/hard\libc_nano.a(lib_a-exit.o) (_global_impure_ptr)
c:/st/stm32cubeide_1.0.0/stm32cubeide/plugins/com.st.stm32cube.ide.mcu.externaltools.gnu-tools-for-stm32.7-2018-q2-update.win32_1.0.0.201904181610/tools/bin/../lib/gcc/arm-none-eabi/7.3.1/../../../../arm-none-eabi/lib/thumb/v7e-m/fpv4-sp/hard\libc_nano.a(lib_a-init.o)
                              c:/st/stm32cubeide_1.0.0/stm32cubeide/plugins/com.st.stm32cube.ide.mcu.externaltools.gnu-tools-for-stm32.7-2018-q2-update.win32_1.0.0.201904181610/tools/bin/../lib/gcc/arm-none-eabi/7.3.1/../../../../arm-none-eabi/lib/thumb/v7e-m/fpv4-sp/hard/crt0.o (__libc_init_array)
c:/st/stm32cubeide_1.0.0/stm32cubeide/plugins/com.st.stm32cube.ide.mcu.externaltools.gnu-tools-for-stm32.7-2018-q2-update.win32_1.0.0.201904181610/tools/bin/../lib/gcc/arm-none-eabi/7.3.1/../../../../arm-none-eabi/lib/thumb/v7e-m/fpv4-sp/hard\libc_nano.a(lib_a-memcpy-stub.o)
                              Src/maze_init.o (memcpy)
c:/st/stm32cubeide_1.0.0/stm32cubeide/plugins/com.st.stm32cube.ide.mcu.externaltools.gnu-tools-for-stm32.7-2018-q2-update.win32_1.0.0.201904181610/tools/bin/../lib/gcc/arm-none-eabi/7.3.1/../../../../arm-none-eabi/lib/thumb/v7e-m/fpv4-sp/hard\libc_nano.a(lib_a-memset.o)
                              c:/st/stm32cubeide_1.0.0/stm32cubeide/plugins/com.st.stm32cube.ide.mcu.externaltools.gnu-tools-for-stm32.7-2018-q2-update.win32_1.0.0.201904181610/tools/bin/../lib/gcc/arm-none-eabi/7.3.1/../../../../arm-none-eabi/lib/thumb/v7e-m/fpv4-sp/hard/crt0.o (memset)
c:/st/stm32cubeide_1.0.0/stm32cubeide/plugins/com.st.stm32cube.ide.mcu.externaltools.gnu-tools-for-stm32.7-2018-q2-update.win32_1.0.0.201904181610/tools/bin/../lib/gcc/arm-none-eabi/7.3.1/../../../../arm-none-eabi/lib/thumb/v7e-m/fpv4-sp/hard\libc_nano.a(lib_a-nano-freer.o)
[...]
Memory Configuration

Name             Origin             Length             Attributes
FLASH            0x0000000008000000 0x0000000000180000 xr
RAM              0x0000000020000000 0x0000000000050000 xrw
*default*        0x0000000000000000 0xffffffffffffffff

Linker script and memory map

LOAD c:/st/stm32cubeide_1.0.0/stm32cubeide/plugins/com.st.stm32cube.ide.mcu.externaltools.gnu-tools-for-stm32.7-2018-q2-update.win32_1.0.0.201904181610/tools/bin/../lib/gcc/arm-none-eabi/7.3.1/thumb/v7e-m/fpv4-sp/hard/crti.o
LOAD c:/st/stm32cubeide_1.0.0/stm32cubeide/plugins/com.st.stm32cube.ide.mcu.externaltools.gnu-tools-for-stm32.7-2018-q2-update.win32_1.0.0.201904181610/tools/bin/../lib/gcc/arm-none-eabi/7.3.1/thumb/v7e-m/fpv4-sp/hard/crtbegin.o
LOAD c:/st/stm32cubeide_1.0.0/stm32cubeide/plugins/com.st.stm32cube.ide.mcu.externaltools.gnu-tools-for-stm32.7-2018-q2-update.win32_1.0.0.201904181610/tools/bin/../lib/gcc/arm-none-eabi/7.3.1/../../../../arm-none-eabi/lib/thumb/v7e-m/fpv4-sp/hard/crt0.o
LOAD Drivers/STM32F4xx_HAL_Driver/Src/stm32f4xx_hal.o
LOAD Drivers/STM32F4xx_HAL_Driver/Src/stm32f4xx_hal_adc.o
LOAD Drivers/STM32F4xx_HAL_Driver/Src/stm32f4xx_hal_adc_ex.o
LOAD Drivers/STM32F4xx_HAL_Driver/Src/stm32f4xx_hal_cortex.o
LOAD Drivers/STM32F4xx_HAL_Driver/Src/stm32f4xx_hal_dma.o
LOAD Drivers/STM32F4xx_HAL_Driver/Src/stm32f4xx_hal_dma_ex.o
LOAD Drivers/STM32F4xx_HAL_Driver/Src/stm32f4xx_hal_exti.o
LOAD Drivers/STM32F4xx_HAL_Driver/Src/stm32f4xx_hal_flash.o
LOAD Drivers/STM32F4xx_HAL_Driver/Src/stm32f4xx_hal_flash_ex.o
LOAD Drivers/STM32F4xx_HAL_Driver/Src/stm32f4xx_hal_flash_ramfunc.o
LOAD Drivers/STM32F4xx_HAL_Driver/Src/stm32f4xx_hal_gpio.o
LOAD Drivers/STM32F4xx_HAL_Driver/Src/stm32f4xx_hal_pwr.o
LOAD Drivers/STM32F4xx_HAL_Driver/Src/stm32f4xx_hal_pwr_ex.o
LOAD Drivers/STM32F4xx_HAL_Driver/Src/stm32f4xx_hal_rcc.o
LOAD Drivers/STM32F4xx_HAL_Driver/Src/stm32f4xx_hal_rcc_ex.o
LOAD Drivers/STM32F4xx_HAL_Driver/Src/stm32f4xx_hal_spi.o
LOAD Drivers/STM32F4xx_HAL_Driver/Src/stm32f4xx_hal_tim.o
LOAD Drivers/STM32F4xx_HAL_Driver/Src/stm32f4xx_hal_tim_ex.o
LOAD Drivers/STM32F4xx_HAL_Driver/Src/stm32f4xx_hal_uart.o
LOAD Src/adc.o
LOAD Src/battery.o
LOAD Src/communication.o
LOAD Src/delay.o
LOAD Src/dma.o
LOAD Src/encoder.o
LOAD Src/gpio.o
LOAD Src/idivide.o
LOAD Src/imu.o
LOAD Src/interrupt.o
LOAD Src/ir_sensor.o
LOAD Src/main.o
LOAD Src/matlab_code_gen_data.o
LOAD Src/matlab_code_gen_initialize.o
LOAD Src/matlab_code_gen_rtwutil.o
LOAD Src/matlab_code_gen_terminate.o
LOAD Src/maze.o
LOAD Src/maze_init.o
LOAD Src/maze_solve.o
LOAD Src/mode.o
LOAD Src/module_test.o
LOAD Src/motor.o
LOAD Src/rem.o
LOAD Src/spi.o
LOAD Src/stm32f4xx_hal_msp.o
LOAD Src/stm32f4xx_it.o
LOAD Src/syscalls.o
LOAD Src/sysmem.o
LOAD Src/system_stm32f4xx.o
LOAD Src/target.o
LOAD Src/tim.o
LOAD Src/usart.o
LOAD Startup/startup_stm32f413chux.o
START GROUP
LOAD c:/st/stm32cubeide_1.0.0/stm32cubeide/plugins/com.st.stm32cube.ide.mcu.externaltools.gnu-tools-for-stm32.7-2018-q2-update.win32_1.0.0.201904181610/tools/bin/../lib/gcc/arm-none-eabi/7.3.1/../../../../arm-none-eabi/lib/thumb/v7e-m/fpv4-sp/hard\libc_nano.a
LOAD c:/st/stm32cubeide_1.0.0/stm32cubeide/plugins/com.st.stm32cube.ide.mcu.externaltools.gnu-tools-for-stm32.7-2018-q2-update.win32_1.0.0.201904181610/tools/bin/../lib/gcc/arm-none-eabi/7.3.1/../../../../arm-none-eabi/lib/thumb/v7e-m/fpv4-sp/hard\libm.a
END GROUP
START GROUP
LOAD c:/st/stm32cubeide_1.0.0/stm32cubeide/plugins/com.st.stm32cube.ide.mcu.externaltools.gnu-tools-for-stm32.7-2018-q2-update.win32_1.0.0.201904181610/tools/bin/../lib/gcc/arm-none-eabi/7.3.1/thumb/v7e-m/fpv4-sp/hard\libgcc.a
LOAD c:/st/stm32cubeide_1.0.0/stm32cubeide/plugins/com.st.stm32cube.ide.mcu.externaltools.gnu-tools-for-stm32.7-2018-q2-update.win32_1.0.0.201904181610/tools/bin/../lib/gcc/arm-none-eabi/7.3.1/../../../../arm-none-eabi/lib/thumb/v7e-m/fpv4-sp/hard\libc_nano.a
END GROUP
START GROUP
LOAD c:/st/stm32cubeide_1.0.0/stm32cubeide/plugins/com.st.stm32cube.ide.mcu.externaltools.gnu-tools-for-stm32.7-2018-q2-update.win32_1.0.0.201904181610/tools/bin/../lib/gcc/arm-none-eabi/7.3.1/thumb/v7e-m/fpv4-sp/hard\libgcc.a
LOAD c:/st/stm32cubeide_1.0.0/stm32cubeide/plugins/com.st.stm32cube.ide.mcu.externaltools.gnu-tools-for-stm32.7-2018-q2-update.win32_1.0.0.201904181610/tools/bin/../lib/gcc/arm-none-eabi/7.3.1/../../../../arm-none-eabi/lib/thumb/v7e-m/fpv4-sp/hard\libc_nano.a
LOAD c:/st/stm32cubeide_1.0.0/stm32cubeide/plugins/com.st.stm32cube.ide.mcu.externaltools.gnu-tools-for-stm32.7-2018-q2-update.win32_1.0.0.201904181610/tools/bin/../lib/gcc/arm-none-eabi/7.3.1/../../../../arm-none-eabi/lib/thumb/v7e-m/fpv4-sp/hard\libnosys.a
END GROUP
START GROUP
LOAD c:/st/stm32cubeide_1.0.0/stm32cubeide/plugins/com.st.stm32cube.ide.mcu.externaltools.gnu-tools-for-stm32.7-2018-q2-update.win32_1.0.0.201904181610/tools/bin/../lib/gcc/arm-none-eabi/7.3.1/thumb/v7e-m/fpv4-sp/hard\libgcc.a
LOAD c:/st/stm32cubeide_1.0.0/stm32cubeide/plugins/com.st.stm32cube.ide.mcu.externaltools.gnu-tools-for-stm32.7-2018-q2-update.win32_1.0.0.201904181610/tools/bin/../lib/gcc/arm-none-eabi/7.3.1/../../../../arm-none-eabi/lib/thumb/v7e-m/fpv4-sp/hard\libc_nano.a
LOAD c:/st/stm32cubeide_1.0.0/stm32cubeide/plugins/com.st.stm32cube.ide.mcu.externaltools.gnu-tools-for-stm32.7-2018-q2-update.win32_1.0.0.201904181610/tools/bin/../lib/gcc/arm-none-eabi/7.3.1/../../../../arm-none-eabi/lib/thumb/v7e-m/fpv4-sp/hard\libnosys.a
END GROUP
LOAD c:/st/stm32cubeide_1.0.0/stm32cubeide/plugins/com.st.stm32cube.ide.mcu.externaltools.gnu-tools-for-stm32.7-2018-q2-update.win32_1.0.0.201904181610/tools/bin/../lib/gcc/arm-none-eabi/7.3.1/thumb/v7e-m/fpv4-sp/hard/crtend.o
LOAD c:/st/stm32cubeide_1.0.0/stm32cubeide/plugins/com.st.stm32cube.ide.mcu.externaltools.gnu-tools-for-stm32.7-2018-q2-update.win32_1.0.0.201904181610/tools/bin/../lib/gcc/arm-none-eabi/7.3.1/thumb/v7e-m/fpv4-sp/hard/crtn.o
                0x0000000020050000                _estack = 0x20050000
                0x0000000000000200                _Min_Heap_Size = 0x200
                0x0000000000000400                _Min_Stack_Size = 0x400

.isr_vector     0x0000000008000000      0x1d8
                0x0000000008000000                . = ALIGN (0x4)
 *(.isr_vector)
 .isr_vector    0x0000000008000000      0x1d8 Startup/startup_stm32f413chux.o
                0x0000000008000000                g_pfnVectors
                0x00000000080001d8                . = ALIGN (0x4)

.text           0x00000000080001e0     0xb4bc
                0x00000000080001e0                . = ALIGN (0x4)
 *(.text)
 .text          0x00000000080001e0       0x40 c:/st/stm32cubeide_1.0.0/stm32cubeide/plugins/com.st.stm32cube.ide.mcu.externaltools.gnu-tools-for-stm32.7-2018-q2-update.win32_1.0.0.201904181610/tools/bin/../lib/gcc/arm-none-eabi/7.3.1/thumb/v7e-m/fpv4-sp/hard/crtbegin.o
 .text          0x0000000008000220       0xa0 c:/st/stm32cubeide_1.0.0/stm32cubeide/plugins/com.st.stm32cube.ide.mcu.externaltools.gnu-tools-for-stm32.7-2018-q2-update.win32_1.0.0.201904181610/tools/bin/../lib/gcc/arm-none-eabi/7.3.1/../../../../arm-none-eabi/lib/thumb/v7e-m/fpv4-sp/hard\libc_nano.a(lib_a-memchr.o)
                0x0000000008000220                memchr
 .text          0x00000000080002c0      0x378 c:/st/stm32cubeide_1.0.0/stm32cubeide/plugins/com.st.stm32cube.ide.mcu.externaltools.gnu-tools-for-stm32.7-2018-q2-update.win32_1.0.0.201904181610/tools/bin/../lib/gcc/arm-none-eabi/7.3.1/thumb/v7e-m/fpv4-sp/hard\libgcc.a(_arm_addsubdf3.o)
                0x00000000080002c0                __aeabi_drsub
                0x00000000080002c8                __aeabi_dsub
                0x00000000080002c8                __subdf3
                0x00000000080002cc                __aeabi_dadd
                0x00000000080002cc                __adddf3
                0x0000000008000544                __floatunsidf
                0x0000000008000544                __aeabi_ui2d
                0x0000000008000564                __floatsidf
                0x0000000008000564                __aeabi_i2d
                0x0000000008000588                __aeabi_f2d
                0x0000000008000588                __extendsfdf2
                0x00000000080005cc                __floatundidf
                0x00000000080005cc                __aeabi_ul2d
                0x00000000080005dc                __floatdidf
                0x00000000080005dc                __aeabi_l2d
 .text          0x0000000008000638      0x424 c:/st/stm32cubeide_1.0.0/stm32cubeide/plugins/com.st.stm32cube.ide.mcu.externaltools.gnu-tools-for-stm32.7-2018-q2-update.win32_1.0.0.201904181610/tools/bin/../lib/gcc/arm-none-eabi/7.3.1/thumb/v7e-m/fpv4-sp/hard\libgcc.a(_arm_muldivdf3.o)
                0x0000000008000638                __aeabi_dmul
                0x0000000008000638                __muldf3
                0x000000000800088c                __divdf3
                0x000000000800088c                __aeabi_ddiv
 .text          0x0000000008000a5c      0x110 c:/st/stm32cubeide_1.0.0/stm32cubeide/plugins/com.st.stm32cube.ide.mcu.externaltools.gnu-tools-for-stm32.7-2018-q2-update.win32_1.0.0.201904181610/tools/bin/../lib/gcc/arm-none-eabi/7.3.1/thumb/v7e-m/fpv4-sp/hard\libgcc.a(_arm_cmpdf2.o)
                0x0000000008000a5c                __gtdf2
                0x0000000008000a5c                __gedf2
                0x0000000008000a64                __ltdf2
                0x0000000008000a64                __ledf2
                0x0000000008000a6c                __nedf2
                0x0000000008000a6c                __eqdf2
                0x0000000008000a6c                __cmpdf2
                0x0000000008000ae8                __aeabi_cdrcmple
                0x0000000008000af8                __aeabi_cdcmpeq
                0x0000000008000af8                __aeabi_cdcmple
                0x0000000008000b08                __aeabi_dcmpeq
                0x0000000008000b1c                __aeabi_dcmplt
                0x0000000008000b30                __aeabi_dcmple
                0x0000000008000b44                __aeabi_dcmpge
                0x0000000008000b58                __aeabi_dcmpgt
 .text          0x0000000008000b6c       0x2c c:/st/stm32cubeide_1.0.0/stm32cubeide/plugins/com.st.stm32cube.ide.mcu.externaltools.gnu-tools-for-stm32.7-2018-q2-update.win32_1.0.0.201904181610/tools/bin/../lib/gcc/arm-none-eabi/7.3.1/thumb/v7e-m/fpv4-sp/hard\libgcc.a(_arm_unorddf2.o)
                0x0000000008000b6c                __unorddf2
                0x0000000008000b6c                __aeabi_dcmpun
 .text          0x0000000008000b98       0x40 c:/st/stm32cubeide_1.0.0/stm32cubeide/plugins/com.st.stm32cube.ide.mcu.externaltools.gnu-tools-for-stm32.7-2018-q2-update.win32_1.0.0.201904181610/tools/bin/../lib/gcc/arm-none-eabi/7.3.1/thumb/v7e-m/fpv4-sp/hard\libgcc.a(_arm_fixunsdfsi.o)
                0x0000000008000b98                __aeabi_d2uiz
                0x0000000008000b98                __fixunsdfsi
 .text          0x0000000008000bd8       0xa0 c:/st/stm32cubeide_1.0.0/stm32cubeide/plugins/com.st.stm32cube.ide.mcu.externaltools.gnu-tools-for-stm32.7-2018-q2-update.win32_1.0.0.201904181610/tools/bin/../lib/gcc/arm-none-eabi/7.3.1/thumb/v7e-m/fpv4-sp/hard\libgcc.a(_arm_truncdfsf2.o)
                0x0000000008000bd8                __truncdfsf2
                0x0000000008000bd8                __aeabi_d2f
 .text          0x0000000008000c78      0x21c c:/st/stm32cubeide_1.0.0/stm32cubeide/plugins/com.st.stm32cube.ide.mcu.externaltools.gnu-tools-for-stm32.7-2018-q2-update.win32_1.0.0.201904181610/tools/bin/../lib/gcc/arm-none-eabi/7.3.1/thumb/v7e-m/fpv4-sp/hard\libgcc.a(_arm_addsubsf3.o)
                0x0000000008000c78                __aeabi_frsub
                0x0000000008000c80                __subsf3
                0x0000000008000c80                __aeabi_fsub
                0x0000000008000c84                __aeabi_fadd
                0x0000000008000c84                __addsf3
                0x0000000008000de4                __aeabi_ui2f
                0x0000000008000de4                __floatunsisf
                0x0000000008000dec                __aeabi_i2f
                0x0000000008000dec                __floatsisf
                0x0000000008000e08                __aeabi_ul2f
                0x0000000008000e08                __floatundisf
                0x0000000008000e18                __aeabi_l2f
                0x0000000008000e18                __floatdisf
 .text          0x0000000008000e94       0x30 c:/st/stm32cubeide_1.0.0/stm32cubeide/plugins/com.st.stm32cube.ide.mcu.externaltools.gnu-tools-for-stm32.7-2018-q2-update.win32_1.0.0.201904181610/tools/bin/../lib/gcc/arm-none-eabi/7.3.1/thumb/v7e-m/fpv4-sp/hard\libgcc.a(_aeabi_uldivmod.o)
                0x0000000008000e94                __aeabi_uldivmod
 .text          0x0000000008000ec4      0x2cc c:/st/stm32cubeide_1.0.0/stm32cubeide/plugins/com.st.stm32cube.ide.mcu.externaltools.gnu-tools-for-stm32.7-2018-q2-update.win32_1.0.0.201904181610/tools/bin/../lib/gcc/arm-none-eabi/7.3.1/thumb/v7e-m/fpv4-sp/hard\libgcc.a(_udivmoddi4.o)
                0x0000000008000ec4                __udivmoddi4
 .text          0x0000000008001190        0x4 c:/st/stm32cubeide_1.0.0/stm32cubeide/plugins/com.st.stm32cube.ide.mcu.externaltools.gnu-tools-for-stm32.7-2018-q2-update.win32_1.0.0.201904181610/tools/bin/../lib/gcc/arm-none-eabi/7.3.1/thumb/v7e-m/fpv4-sp/hard\libgcc.a(_dvmd_tls.o)
                0x0000000008001190                __aeabi_idiv0
                0x0000000008001190                __aeabi_ldiv0
 *(.text*)
 .text.HAL_InitTick
                0x0000000008001194       0x48 Drivers/STM32F4xx_HAL_Driver/Src/stm32f4xx_hal.o
                0x0000000008001194                HAL_InitTick
 .text.HAL_Init
                0x00000000080011dc       0x34 Drivers/STM32F4xx_HAL_Driver/Src/stm32f4xx_hal.o
                0x00000000080011dc                HAL_Init
 .text.HAL_IncTick
                0x0000000008001210       0x18 Drivers/STM32F4xx_HAL_Driver/Src/stm32f4xx_hal.o
                0x0000000008001210                HAL_IncTick
 .text.HAL_GetTick
                0x0000000008001228        0xc Drivers/STM32F4xx_HAL_Driver/Src/stm32f4xx_hal.o
                0x0000000008001228                HAL_GetTick
 .text.HAL_Delay
                0x0000000008001234       0x24 Drivers/STM32F4xx_HAL_Driver/Src/stm32f4xx_hal.o
                0x0000000008001234                HAL_Delay
 .text.HAL_ADC_Init
                0x0000000008001258      0x164 Drivers/STM32F4xx_HAL_Driver/Src/stm32f4xx_hal_adc.o
                0x0000000008001258                HAL_ADC_Init
 .text.HAL_ADC_Start_DMA
                0x00000000080013bc      0x108 Drivers/STM32F4xx_HAL_Driver/Src/stm32f4xx_hal_adc.o
                0x00000000080013bc                HAL_ADC_Start_DMA
 .text.HAL_ADC_ConvHalfCpltCallback
                0x00000000080014c4        0x4 Drivers/STM32F4xx_HAL_Driver/Src/stm32f4xx_hal_adc.o
                0x00000000080014c4                HAL_ADC_ConvHalfCpltCallback
 .text.ADC_DMAHalfConvCplt
                0x00000000080014c8        0xc Drivers/STM32F4xx_HAL_Driver/Src/stm32f4xx_hal_adc.o
 .text.HAL_ADC_ErrorCallback
                0x00000000080014d4        0x4 Drivers/STM32F4xx_HAL_Driver/Src/stm32f4xx_hal_adc.o
                0x00000000080014d4                HAL_ADC_ErrorCallback
 .text.ADC_DMAError
                0x00000000080014d8       0x18 Drivers/STM32F4xx_HAL_Driver/Src/stm32f4xx_hal_adc.o
 .text.ADC_DMAConvCplt
                0x00000000080014f0       0x6c Drivers/STM32F4xx_HAL_Driver/Src/stm32f4xx_hal_adc.o
 .text.HAL_ADC_ConfigChannel
                0x000000000800155c      0x170 Drivers/STM32F4xx_HAL_Driver/Src/stm32f4xx_hal_adc.o
                0x000000000800155c                HAL_ADC_ConfigChannel
 .text.HAL_NVIC_SetPriorityGrouping
                0x00000000080016cc       0x24 Drivers/STM32F4xx_HAL_Driver/Src/stm32f4xx_hal_cortex.o
                0x00000000080016cc                HAL_NVIC_SetPriorityGrouping
 .text.HAL_NVIC_SetPriority
                0x00000000080016f0       0x6c Drivers/STM32F4xx_HAL_Driver/Src/stm32f4xx_hal_cortex.o
                0x00000000080016f0                HAL_NVIC_SetPriority
 .text.HAL_NVIC_EnableIRQ
                0x000000000800175c       0x1c Drivers/STM32F4xx_HAL_Driver/Src/stm32f4xx_hal_cortex.o
                0x000000000800175c                HAL_NVIC_EnableIRQ
 .text.HAL_SYSTICK_Config
                0x0000000008001778       0x34 Drivers/STM32F4xx_HAL_Driver/Src/stm32f4xx_hal_cortex.o
                0x0000000008001778                HAL_SYSTICK_Config
 .text.HAL_DMA_Init
                0x00000000080017ac      0x134 Drivers/STM32F4xx_HAL_Driver/Src/stm32f4xx_hal_dma.o
                0x00000000080017ac                HAL_DMA_Init
 .text.HAL_DMA_Start_IT
                0x00000000080018e0       0x84 Drivers/STM32F4xx_HAL_Driver/Src/stm32f4xx_hal_dma.o
                0x00000000080018e0                HAL_DMA_Start_IT
 .text.HAL_DMA_Abort_IT
                0x0000000008001964       0x24 Drivers/STM32F4xx_HAL_Driver/Src/stm32f4xx_hal_dma.o
                0x0000000008001964                HAL_DMA_Abort_IT
 .text.HAL_DMA_IRQHandler
                0x0000000008001988      0x1ac Drivers/STM32F4xx_HAL_Driver/Src/stm32f4xx_hal_dma.o
                0x0000000008001988                HAL_DMA_IRQHandler
 .text.HAL_DMA_RegisterCallback
                0x0000000008001b34       0x60 Drivers/STM32F4xx_HAL_Driver/Src/stm32f4xx_hal_dma.o
                0x0000000008001b34                HAL_DMA_RegisterCallback
 .text.HAL_GPIO_Init
                0x0000000008001b94      0x224 Drivers/STM32F4xx_HAL_Driver/Src/stm32f4xx_hal_gpio.o
                0x0000000008001b94                HAL_GPIO_Init
 .text.HAL_GPIO_WritePin
                0x0000000008001db8        0x8 Drivers/STM32F4xx_HAL_Driver/Src/stm32f4xx_hal_gpio.o
                0x0000000008001db8                HAL_GPIO_WritePin
 .text.HAL_RCC_GetSysClockFreq
                0x0000000008001dc0       0x6c Drivers/STM32F4xx_HAL_Driver/Src/stm32f4xx_hal_rcc.o
                0x0000000008001dc0                HAL_RCC_GetSysClockFreq
 .text.HAL_RCC_ClockConfig
                0x0000000008001e2c      0x134 Drivers/STM32F4xx_HAL_Driver/Src/stm32f4xx_hal_rcc.o
                0x0000000008001e2c                HAL_RCC_ClockConfig
 .text.HAL_RCC_GetPCLK1Freq
                0x0000000008001f60       0x20 Drivers/STM32F4xx_HAL_Driver/Src/stm32f4xx_hal_rcc.o
                0x0000000008001f60                HAL_RCC_GetPCLK1Freq
 .text.HAL_RCC_GetPCLK2Freq
                0x0000000008001f80       0x20 Drivers/STM32F4xx_HAL_Driver/Src/stm32f4xx_hal_rcc.o
                0x0000000008001f80                HAL_RCC_GetPCLK2Freq
 .text.HAL_RCC_OscConfig
                0x0000000008001fa0      0x378 Drivers/STM32F4xx_HAL_Driver/Src/stm32f4xx_hal_rcc_ex.o
                0x0000000008001fa0                HAL_RCC_OscConfig
 .text.HAL_SPI_Init
                0x0000000008002318       0x80 Drivers/STM32F4xx_HAL_Driver/Src/stm32f4xx_hal_spi.o
                0x0000000008002318                HAL_SPI_Init
 .text.HAL_SPI_Transmit
                0x0000000008002398      0x290 Drivers/STM32F4xx_HAL_Driver/Src/stm32f4xx_hal_spi.o
                0x0000000008002398                HAL_SPI_Transmit
 .text.HAL_SPI_Receive
                0x0000000008002628      0x5b8 Drivers/STM32F4xx_HAL_Driver/Src/stm32f4xx_hal_spi.o
                0x0000000008002628                HAL_SPI_Receive
 .text.HAL_SPI_TransmitReceive_DMA
                0x0000000008002be0      0x108 Drivers/STM32F4xx_HAL_Driver/Src/stm32f4xx_hal_spi.o
                0x0000000008002be0                HAL_SPI_TransmitReceive_DMA
 .text.HAL_SPI_RxCpltCallback
                0x0000000008002ce8        0x4 Drivers/STM32F4xx_HAL_Driver/Src/stm32f4xx_hal_spi.o
                0x0000000008002ce8                HAL_SPI_RxCpltCallback
 .text.HAL_SPI_RxHalfCpltCallback
                0x0000000008002cec        0x4 Drivers/STM32F4xx_HAL_Driver/Src/stm32f4xx_hal_spi.o
                0x0000000008002cec                HAL_SPI_RxHalfCpltCallback
 .text.SPI_DMAHalfReceiveCplt
                0x0000000008002cf0        0xc Drivers/STM32F4xx_HAL_Driver/Src/stm32f4xx_hal_spi.o
 .text.HAL_SPI_TxRxHalfCpltCallback
                0x0000000008002cfc        0x4 Drivers/STM32F4xx_HAL_Driver/Src/stm32f4xx_hal_spi.o
                0x0000000008002cfc                HAL_SPI_TxRxHalfCpltCallback
 .text.SPI_DMAHalfTransmitReceiveCplt
                0x0000000008002d00        0xc Drivers/STM32F4xx_HAL_Driver/Src/stm32f4xx_hal_spi.o
 .text.HAL_SPI_ErrorCallback
                0x0000000008002d0c        0x4 Drivers/STM32F4xx_HAL_Driver/Src/stm32f4xx_hal_spi.o
                0x0000000008002d0c                HAL_SPI_ErrorCallback
 .text.SPI_DMAError
                0x0000000008002d10       0x24 Drivers/STM32F4xx_HAL_Driver/Src/stm32f4xx_hal_spi.o
 .text.SPI_DMAReceiveCplt
                0x0000000008002d34      0x108 Drivers/STM32F4xx_HAL_Driver/Src/stm32f4xx_hal_spi.o
 .text.SPI_DMATransmitReceiveCplt
                0x0000000008002e3c       0xfc Drivers/STM32F4xx_HAL_Driver/Src/stm32f4xx_hal_spi.o
 .text.HAL_TIM_Base_Init
                0x0000000008002f38      0x108 Drivers/STM32F4xx_HAL_Driver/Src/stm32f4xx_hal_tim.o
                0x0000000008002f38                HAL_TIM_Base_Init
 .text.HAL_TIM_Base_Start_IT
                0x0000000008003040       0x20 Drivers/STM32F4xx_HAL_Driver/Src/stm32f4xx_hal_tim.o
                0x0000000008003040                HAL_TIM_Base_Start_IT
 .text.HAL_TIM_OC_MspInit
                0x0000000008003060        0x4 Drivers/STM32F4xx_HAL_Driver/Src/stm32f4xx_hal_tim.o
                0x0000000008003060                HAL_TIM_OC_MspInit
 .text.HAL_TIM_OC_Init
                0x0000000008003064      0x108 Drivers/STM32F4xx_HAL_Driver/Src/stm32f4xx_hal_tim.o
                0x0000000008003064                HAL_TIM_OC_Init
 .text.HAL_TIM_OC_Start
                0x000000000800316c       0x54 Drivers/STM32F4xx_HAL_Driver/Src/stm32f4xx_hal_tim.o
                0x000000000800316c                HAL_TIM_OC_Start
 .text.HAL_TIM_PWM_MspInit
                0x00000000080031c0        0x4 Drivers/STM32F4xx_HAL_Driver/Src/stm32f4xx_hal_tim.o
                0x00000000080031c0                HAL_TIM_PWM_MspInit
 .text.HAL_TIM_PWM_Init
                0x00000000080031c4      0x108 Drivers/STM32F4xx_HAL_Driver/Src/stm32f4xx_hal_tim.o
                0x00000000080031c4                HAL_TIM_PWM_Init
 .text.HAL_TIM_PWM_Start
                0x00000000080032cc       0x54 Drivers/STM32F4xx_HAL_Driver/Src/stm32f4xx_hal_tim.o
                0x00000000080032cc                HAL_TIM_PWM_Start
 .text.HAL_TIM_PWM_Stop
                0x0000000008003320       0x74 Drivers/STM32F4xx_HAL_Driver/Src/stm32f4xx_hal_tim.o
                0x0000000008003320                HAL_TIM_PWM_Stop
 .text.HAL_TIM_Encoder_Init
                0x0000000008003394      0x180 Drivers/STM32F4xx_HAL_Driver/Src/stm32f4xx_hal_tim.o
                0x0000000008003394                HAL_TIM_Encoder_Init
 .text.HAL_TIM_Encoder_Start
                0x0000000008003514       0x48 Drivers/STM32F4xx_HAL_Driver/Src/stm32f4xx_hal_tim.o
                0x0000000008003514                HAL_TIM_Encoder_Start
 .text.HAL_TIM_OC_ConfigChannel
                0x000000000800355c      0x1b0 Drivers/STM32F4xx_HAL_Driver/Src/stm32f4xx_hal_tim.o
                0x000000000800355c                HAL_TIM_OC_ConfigChannel
 .text.HAL_TIM_PWM_ConfigChannel
                0x000000000800370c      0x214 Drivers/STM32F4xx_HAL_Driver/Src/stm32f4xx_hal_tim.o
                0x000000000800370c                HAL_TIM_PWM_ConfigChannel
 .text.HAL_TIM_ConfigClockSource
                0x0000000008003920      0x14c Drivers/STM32F4xx_HAL_Driver/Src/stm32f4xx_hal_tim.o
                0x0000000008003920                HAL_TIM_ConfigClockSource
 .text.HAL_TIM_PeriodElapsedCallback
                0x0000000008003a6c        0x4 Drivers/STM32F4xx_HAL_Driver/Src/stm32f4xx_hal_tim.o
                0x0000000008003a6c                HAL_TIM_PeriodElapsedCallback
 .text.HAL_TIM_OC_DelayElapsedCallback
                0x0000000008003a70        0x4 Drivers/STM32F4xx_HAL_Driver/Src/stm32f4xx_hal_tim.o
                0x0000000008003a70                HAL_TIM_OC_DelayElapsedCallback
 .text.HAL_TIM_IC_CaptureCallback
                0x0000000008003a74        0x4 Drivers/STM32F4xx_HAL_Driver/Src/stm32f4xx_hal_tim.o
                0x0000000008003a74                HAL_TIM_IC_CaptureCallback
 .text.HAL_TIM_PWM_PulseFinishedCallback
                0x0000000008003a78        0x4 Drivers/STM32F4xx_HAL_Driver/Src/stm32f4xx_hal_tim.o
                0x0000000008003a78                HAL_TIM_PWM_PulseFinishedCallback
 .text.HAL_TIM_TriggerCallback
                0x0000000008003a7c        0x4 Drivers/STM32F4xx_HAL_Driver/Src/stm32f4xx_hal_tim.o
                0x0000000008003a7c                HAL_TIM_TriggerCallback
 .text.HAL_TIM_IRQHandler
                0x0000000008003a80      0x154 Drivers/STM32F4xx_HAL_Driver/Src/stm32f4xx_hal_tim.o
                0x0000000008003a80                HAL_TIM_IRQHandler
 .text.HAL_TIMEx_MasterConfigSynchronization
                0x0000000008003bd4       0x44 Drivers/STM32F4xx_HAL_Driver/Src/stm32f4xx_hal_tim_ex.o
                0x0000000008003bd4                HAL_TIMEx_MasterConfigSynchronization
 .text.HAL_TIMEx_ConfigBreakDeadTime
                0x0000000008003c18       0x54 Drivers/STM32F4xx_HAL_Driver/Src/stm32f4xx_hal_tim_ex.o
                0x0000000008003c18                HAL_TIMEx_ConfigBreakDeadTime
 .text.HAL_TIMEx_CommutCallback
                0x0000000008003c6c        0x4 Drivers/STM32F4xx_HAL_Driver/Src/stm32f4xx_hal_tim_ex.o
                0x0000000008003c6c                HAL_TIMEx_CommutCallback
 .text.HAL_TIMEx_BreakCallback
                0x0000000008003c70        0x4 Drivers/STM32F4xx_HAL_Driver/Src/stm32f4xx_hal_tim_ex.o
                0x0000000008003c70                HAL_TIMEx_BreakCallback
 .text.HAL_UART_Init
                0x0000000008003c74      0x314 Drivers/STM32F4xx_HAL_Driver/Src/stm32f4xx_hal_uart.o
                0x0000000008003c74                HAL_UART_Init
 .text.HAL_UART_Transmit
                0x0000000008003f88      0x110 Drivers/STM32F4xx_HAL_Driver/Src/stm32f4xx_hal_uart.o
                0x0000000008003f88                HAL_UART_Transmit
 .text.HAL_UART_Receive
                0x0000000008004098      0x130 Drivers/STM32F4xx_HAL_Driver/Src/stm32f4xx_hal_uart.o
                0x0000000008004098                HAL_UART_Receive
 .text.MX_ADC1_Init
                0x00000000080041c8       0xd4 Src/adc.o
                0x00000000080041c8                MX_ADC1_Init
 .text.HAL_ADC_MspInit
                0x000000000800429c       0xd4 Src/adc.o
                0x000000000800429c                HAL_ADC_MspInit
 .text.Battery_GetVoltage
                0x0000000008004370       0x24 Src/battery.o
                0x0000000008004370                Battery_GetVoltage
 .text.Communication_Initialize
                0x0000000008004394       0x2c Src/communication.o
                0x0000000008004394                Communication_Initialize
 .text.__io_putchar
                0x00000000080043c0       0x20 Src/communication.o
                0x00000000080043c0                __io_putchar
 .text.__io_getchar
                0x00000000080043e0       0x24 Src/communication.o
                0x00000000080043e0                __io_getchar
 .text.MX_DMA_Init
                0x0000000008004404       0x8c Src/dma.o
                0x0000000008004404                MX_DMA_Init
 .text.Encoder_Initialize
                0x0000000008004490       0x44 Src/encoder.o
                0x0000000008004490                Encoder_Initialize
 .text.Encoder_ResetCount_Left
                0x00000000080044d4       0x10 Src/encoder.o
                0x00000000080044d4                Encoder_ResetCount_Left
 .text.Encoder_ResetCount_Right
                0x00000000080044e4        0xc Src/encoder.o
                0x00000000080044e4                Encoder_ResetCount_Right
 .text.Encoder_GetAngle_Left
                0x00000000080044f0       0x30 Src/encoder.o
                0x00000000080044f0                Encoder_GetAngle_Left
 .text.Encoder_GetAngle_Right
                0x0000000008004520       0x30 Src/encoder.o
                0x0000000008004520                Encoder_GetAngle_Right
 .text.Get_speed
                0x0000000008004550      0x194 Src/encoder.o
                0x0000000008004550                Get_speed
 *fill*         0x00000000080046e4        0x4 
 .text.speed_m_average
                0x00000000080046e8      0x198 Src/encoder.o
                0x00000000080046e8                speed_m_average
 .text.MX_GPIO_Init
                0x0000000008004880       0xc0 Src/gpio.o
                0x0000000008004880                MX_GPIO_Init
 .text.idivide  0x0000000008004940      0x11c Src/idivide.o
                0x0000000008004940                idivide
 .text.IMU_Write1byte
                0x0000000008004a5c       0x54 Src/imu.o
                0x0000000008004a5c                IMU_Write1byte
 .text.IMU_Initialize
                0x0000000008004ab0      0x118 Src/imu.o
                0x0000000008004ab0                IMU_Initialize
 .text.HAL_SPI_TxRxCpltCallback
                0x0000000008004bc8       0x60 Src/imu.o
                0x0000000008004bc8                HAL_SPI_TxRxCpltCallback
 .text.IMU_GetAccel_X
                0x0000000008004c28       0x38 Src/imu.o
                0x0000000008004c28                IMU_GetAccel_X
 .text.IMU_GetGyro_Z
                0x0000000008004c60       0x44 Src/imu.o
                0x0000000008004c60                IMU_GetGyro_Z
 .text.Interrupt_Main
                0x0000000008004ca4       0x64 Src/interrupt.o
                0x0000000008004ca4                Interrupt_Main
 .text.Interrupt_Initialize
                0x0000000008004d08        0xc Src/interrupt.o
                0x0000000008004d08                Interrupt_Initialize
 .text.Interrupt_PreProcess
                0x0000000008004d14       0x54 Src/interrupt.o
                0x0000000008004d14                Interrupt_PreProcess
 .text.Interrupt_PostProcess
                0x0000000008004d68       0x40 Src/interrupt.o
                0x0000000008004d68                Interrupt_PostProcess
 .text.Interrupt_GetDuty
                0x0000000008004da8        0xc Src/interrupt.o
                0x0000000008004da8                Interrupt_GetDuty
 .text.Interrupt_GetDuty_Max
                0x0000000008004db4        0xc Src/interrupt.o
                0x0000000008004db4                Interrupt_GetDuty_Max
 .text.Interrupt_GetBootTime
                0x0000000008004dc0        0xc Src/interrupt.o
                0x0000000008004dc0                Interrupt_GetBootTime
 .text.TIM1_CC2_Callback
                0x0000000008004dcc       0x44 Src/ir_sensor.o
                0x0000000008004dcc                TIM1_CC2_Callback
 .text.Sensor_Initialize
                0x0000000008004e10       0x94 Src/ir_sensor.o
                0x0000000008004e10                Sensor_Initialize
 .text.Sensor_StopADC
                0x0000000008004ea4       0x40 Src/ir_sensor.o
                0x0000000008004ea4                Sensor_StopADC
 .text.HAL_ADC_ConvCpltCallback
                0x0000000008004ee4       0x6c Src/ir_sensor.o
                0x0000000008004ee4                HAL_ADC_ConvCpltCallback
 .text.Sensor_GetBatteryValue
                0x0000000008004f50        0xc Src/ir_sensor.o
                0x0000000008004f50                Sensor_GetBatteryValue
 .text.Sensor_GetValue
                0x0000000008004f5c       0x18 Src/ir_sensor.o
                0x0000000008004f5c                Sensor_GetValue
 *fill*         0x0000000008004f74        0x4 
 .text.SensorValue2length
                0x0000000008004f78      0x2f4 Src/ir_sensor.o
                0x0000000008004f78                SensorValue2length
 .text.Sensor_DebugPrintf
                0x000000000800526c       0x44 Src/ir_sensor.o
                0x000000000800526c                Sensor_DebugPrintf
 .text.SystemClock_Config
                0x00000000080052b0       0x8c Src/main.o
                0x00000000080052b0                SystemClock_Config
 .text.startup.main
                0x000000000800533c      0x354 Src/main.o
                0x000000000800533c                main
 .text.Error_Handler
                0x0000000008005690        0x4 Src/main.o
                0x0000000008005690                Error_Handler
 .text.maze_init
                0x0000000008005694      0x18c Src/maze_init.o
                0x0000000008005694                maze_init
 .text.search_adachi
                0x0000000008005820      0xe30 Src/maze_solve.o
 .text.maze_solve
                0x0000000008006650      0x990 Src/maze_solve.o
                0x0000000008006650                maze_solve
 .text.mode_select
                0x0000000008006fe0      0x278 Src/mode.o
                0x0000000008006fe0                mode_select
 .text.modechangejud_stanby
                0x0000000008007258       0x24 Src/mode.o
                0x0000000008007258                modechangejud_stanby
 .text.log_init
                0x000000000800727c        0xc Src/module_test.o
                0x000000000800727c                log_init
 .text.data_get
                0x0000000008007288      0x170 Src/module_test.o
                0x0000000008007288                data_get
 .text.data_read
                0x00000000080073f8      0x1b0 Src/module_test.o
                0x00000000080073f8                data_read
 .text.module_test
                0x00000000080075a8      0x214 Src/module_test.o
                0x00000000080075a8                module_test
 .text.Motor_Initialize
                0x00000000080077bc       0x2c Src/motor.o
                0x00000000080077bc                Motor_Initialize
 .text.Motor_SetDuty_Left
                0x00000000080077e8       0xb4 Src/motor.o
                0x00000000080077e8                Motor_SetDuty_Left
 .text.Motor_SetDuty_Right
                0x000000000800789c       0xb4 Src/motor.o
                0x000000000800789c                Motor_SetDuty_Right
 .text.b_rem    0x0000000008007950       0xa0 Src/rem.o
                0x0000000008007950                b_rem
 .text.MX_SPI2_Init
                0x00000000080079f0       0x4c Src/spi.o
                0x00000000080079f0                MX_SPI2_Init
 .text.HAL_SPI_MspInit
                0x0000000008007a3c       0xec Src/spi.o
                0x0000000008007a3c                HAL_SPI_MspInit
 .text.HAL_MspInit
                0x0000000008007b28       0x38 Src/stm32f4xx_hal_msp.o
                0x0000000008007b28                HAL_MspInit
 .text.NMI_Handler
                0x0000000008007b60        0x4 Src/stm32f4xx_it.o
                0x0000000008007b60                NMI_Handler
 .text.HardFault_Handler
                0x0000000008007b64        0x4 Src/stm32f4xx_it.o
                0x0000000008007b64                HardFault_Handler
 .text.MemManage_Handler
                0x0000000008007b68        0x4 Src/stm32f4xx_it.o
                0x0000000008007b68                MemManage_Handler
 .text.BusFault_Handler
                0x0000000008007b6c        0x4 Src/stm32f4xx_it.o
                0x0000000008007b6c                BusFault_Handler
 .text.UsageFault_Handler
                0x0000000008007b70        0x4 Src/stm32f4xx_it.o
                0x0000000008007b70                UsageFault_Handler
 .text.SVC_Handler
                0x0000000008007b74        0x4 Src/stm32f4xx_it.o
                0x0000000008007b74                SVC_Handler
 .text.DebugMon_Handler
                0x0000000008007b78        0x4 Src/stm32f4xx_it.o
                0x0000000008007b78                DebugMon_Handler
 .text.PendSV_Handler
                0x0000000008007b7c        0x4 Src/stm32f4xx_it.o
                0x0000000008007b7c                PendSV_Handler
 .text.SysTick_Handler
                0x0000000008007b80        0x4 Src/stm32f4xx_it.o
                0x0000000008007b80                SysTick_Handler
 .text.DMA1_Stream3_IRQHandler
                0x0000000008007b84        0xc Src/stm32f4xx_it.o
                0x0000000008007b84                DMA1_Stream3_IRQHandler
 .text.DMA1_Stream4_IRQHandler
                0x0000000008007b90        0xc Src/stm32f4xx_it.o
                0x0000000008007b90                DMA1_Stream4_IRQHandler
 .text.TIM6_DAC_IRQHandler
                0x0000000008007b9c       0x1c Src/stm32f4xx_it.o
                0x0000000008007b9c                TIM6_DAC_IRQHandler
 .text.DMA2_Stream0_IRQHandler
                0x0000000008007bb8        0xc Src/stm32f4xx_it.o
                0x0000000008007bb8                DMA2_Stream0_IRQHandler
 .text.DMA2_Stream1_IRQHandler
                0x0000000008007bc4        0xc Src/stm32f4xx_it.o
                0x0000000008007bc4                DMA2_Stream1_IRQHandler
 .text.DMA2_Stream2_IRQHandler
                0x0000000008007bd0        0xc Src/stm32f4xx_it.o
                0x0000000008007bd0                DMA2_Stream2_IRQHandler
 .text._read    0x0000000008007bdc       0x1c Src/syscalls.o
                0x0000000008007bdc                _read
 .text._write   0x0000000008007bf8       0x1c Src/syscalls.o
                0x0000000008007bf8                _write
 .text._close   0x0000000008007c14        0x8 Src/syscalls.o
                0x0000000008007c14                _close
 .text._fstat   0x0000000008007c1c        0xc Src/syscalls.o
                0x0000000008007c1c                _fstat
 .text._isatty  0x0000000008007c28        0x4 Src/syscalls.o
                0x0000000008007c28                _isatty
 .text._lseek   0x0000000008007c2c        0x4 Src/syscalls.o
                0x0000000008007c2c                _lseek
 .text._sbrk    0x0000000008007c30       0x3c Src/sysmem.o
                0x0000000008007c30                _sbrk
 .text.SystemInit
                0x0000000008007c6c       0x50 Src/system_stm32f4xx.o
                0x0000000008007c6c                SystemInit
 *fill*         0x0000000008007cbc        0x4 
 .text.real_distance_m_calc
                0x0000000008007cc0       0x48 Src/target.o
                0x0000000008007cc0                real_distance_m_calc
 .text.real_distance_w_calc
                0x0000000008007d08       0x54 Src/target.o
                0x0000000008007d08                real_distance_w_calc
 .text.real_distance_m_clr
                0x0000000008007d5c        0xc Src/target.o
                0x0000000008007d5c                real_distance_m_clr
 .text.real_distance_w_clr
                0x0000000008007d68        0xc Src/target.o
                0x0000000008007d68                real_distance_w_clr
 .text.target_distance_m_set
                0x0000000008007d74       0x14 Src/target.o
                0x0000000008007d74                target_distance_m_set
 .text.target_distance_w_set
                0x0000000008007d88       0x14 Src/target.o
                0x0000000008007d88                target_distance_w_set
 *fill*         0x0000000008007d9c        0x4 
 .text.start_acceleration
                0x0000000008007da0       0x74 Src/target.o
                0x0000000008007da0                start_acceleration
 *fill*         0x0000000008007e14        0x4 
 .text.half_deceleration
                0x0000000008007e18       0x74 Src/target.o
                0x0000000008007e18                half_deceleration
 *fill*         0x0000000008007e8c        0x4 
 .text.turn_conclk_180
                0x0000000008007e90       0x68 Src/target.o
                0x0000000008007e90                turn_conclk_180
 .text.move_front
                0x0000000008007ef8       0xd4 Src/target.o
                0x0000000008007ef8                move_front
 *fill*         0x0000000008007fcc        0x4 
 .text.move_right
                0x0000000008007fd0      0x1b8 Src/target.o
                0x0000000008007fd0                move_right
 .text.move_left
                0x0000000008008188      0x1b0 Src/target.o
                0x0000000008008188                move_left
 .text.move_back
                0x0000000008008338      0x1b0 Src/target.o
                0x0000000008008338                move_back
 .text.target_speed_inc
                0x00000000080084e8      0x1f0 Src/target.o
                0x00000000080084e8                target_speed_inc
 .text.target_speed_m_calc
                0x00000000080086d8       0xfc Src/target.o
                0x00000000080086d8                target_speed_m_calc
 *fill*         0x00000000080087d4        0x4 
 .text.target_speed_w_calc
                0x00000000080087d8       0xfc Src/target.o
                0x00000000080087d8                target_speed_w_calc
 *fill*         0x00000000080088d4        0x4 
 .text.Operation_amount_calc
                0x00000000080088d8      0x35c Src/target.o
                0x00000000080088d8                Operation_amount_calc
 .text.MX_TIM1_Init
                0x0000000008008c34      0x128 Src/tim.o
                0x0000000008008c34                MX_TIM1_Init
 .text.MX_TIM2_Init
                0x0000000008008d5c       0x60 Src/tim.o
                0x0000000008008d5c                MX_TIM2_Init
 .text.MX_TIM3_Init
                0x0000000008008dbc       0x64 Src/tim.o
                0x0000000008008dbc                MX_TIM3_Init
 .text.MX_TIM4_Init
                0x0000000008008e20      0x130 Src/tim.o
                0x0000000008008e20                MX_TIM4_Init
 .text.MX_TIM6_Init
                0x0000000008008f50       0x4c Src/tim.o
                0x0000000008008f50                MX_TIM6_Init
 .text.HAL_TIM_Base_MspInit
                0x0000000008008f9c      0x12c Src/tim.o
                0x0000000008008f9c                HAL_TIM_Base_MspInit
 .text.HAL_TIM_Encoder_MspInit
                0x00000000080090c8       0xe0 Src/tim.o
                0x00000000080090c8                HAL_TIM_Encoder_MspInit
 .text.MX_USART1_UART_Init
                0x00000000080091a8       0x38 Src/usart.o
                0x00000000080091a8                MX_USART1_UART_Init
 .text.HAL_UART_MspInit
                0x00000000080091e0       0x74 Src/usart.o
                0x00000000080091e0                HAL_UART_MspInit
 .text.Reset_Handler
                0x0000000008009254       0x50 Startup/startup_stm32f413chux.o
                0x0000000008009254                Reset_Handler
 .text.Default_Handler
                0x00000000080092a4        0x2 Startup/startup_stm32f413chux.o
                0x00000000080092a4                RTC_Alarm_IRQHandler
                0x00000000080092a4                EXTI2_IRQHandler
                0x00000000080092a4                TIM8_CC_IRQHandler
                0x00000000080092a4                UART8_IRQHandler
                0x00000000080092a4                FMPI2C1_EV_IRQHandler
                0x00000000080092a4                SPI4_IRQHandler
                0x00000000080092a4                TIM1_CC_IRQHandler
                0x00000000080092a4                DMA2_Stream5_IRQHandler
                0x00000000080092a4                DMA1_Stream5_IRQHandler
                0x00000000080092a4                CAN3_RX1_IRQHandler
                0x00000000080092a4                PVD_IRQHandler
                0x00000000080092a4                SDIO_IRQHandler
                0x00000000080092a4                TAMP_STAMP_IRQHandler
                0x00000000080092a4                CAN2_RX1_IRQHandler
                0x00000000080092a4                EXTI3_IRQHandler
                0x00000000080092a4                TIM8_TRG_COM_TIM14_IRQHandler
                0x00000000080092a4                DFSDM1_FLT1_IRQHandler
                0x00000000080092a4                TIM1_UP_TIM10_IRQHandler
                0x00000000080092a4                TIM8_UP_TIM13_IRQHandler
                0x00000000080092a4                I2C3_ER_IRQHandler
                0x00000000080092a4                EXTI0_IRQHandler
                0x00000000080092a4                I2C2_EV_IRQHandler
                0x00000000080092a4                DMA1_Stream2_IRQHandler
                0x00000000080092a4                CAN1_RX0_IRQHandler
                0x00000000080092a4                FPU_IRQHandler
                0x00000000080092a4                CAN3_SCE_IRQHandler
                0x00000000080092a4                CAN2_SCE_IRQHandler
                0x00000000080092a4                SPI1_IRQHandler
                0x00000000080092a4                TIM1_BRK_TIM9_IRQHandler
                0x00000000080092a4                CAN2_RX0_IRQHandler
                0x00000000080092a4                DMA2_Stream3_IRQHandler
                0x00000000080092a4                USART6_IRQHandler
                0x00000000080092a4                CAN3_RX0_IRQHandler
                0x00000000080092a4                USART3_IRQHandler
                0x00000000080092a4                DFSDM2_FLT3_IRQHandler
                0x00000000080092a4                CAN1_RX1_IRQHandler
                0x00000000080092a4                UART5_IRQHandler
                0x00000000080092a4                TIM4_IRQHandler
                0x00000000080092a4                QUADSPI_IRQHandler
                0x00000000080092a4                I2C1_EV_IRQHandler
                0x00000000080092a4                DMA1_Stream6_IRQHandler
                0x00000000080092a4                DMA1_Stream1_IRQHandler
                0x00000000080092a4                UART4_IRQHandler
                0x00000000080092a4                TIM3_IRQHandler
                0x00000000080092a4                RCC_IRQHandler
                0x00000000080092a4                UART9_IRQHandler
                0x00000000080092a4                TIM8_BRK_TIM12_IRQHandler
                0x00000000080092a4                Default_Handler
                0x00000000080092a4                EXTI15_10_IRQHandler
                0x00000000080092a4                ADC_IRQHandler
                0x00000000080092a4                DMA1_Stream7_IRQHandler
                0x00000000080092a4                DFSDM2_FLT0_IRQHandler
                0x00000000080092a4                SPI5_IRQHandler
                0x00000000080092a4                TIM7_IRQHandler
                0x00000000080092a4                CAN2_TX_IRQHandler
                0x00000000080092a4                TIM5_IRQHandler
                0x00000000080092a4                DMA2_Stream7_IRQHandler
                0x00000000080092a4                I2C3_EV_IRQHandler
                0x00000000080092a4                DFSDM2_FLT2_IRQHandler
                0x00000000080092a4                EXTI9_5_IRQHandler
                0x00000000080092a4                RTC_WKUP_IRQHandler
                0x00000000080092a4                SPI2_IRQHandler
                0x00000000080092a4                DMA1_Stream0_IRQHandler
                0x00000000080092a4                CAN1_TX_IRQHandler
                0x00000000080092a4                FMPI2C1_ER_IRQHandler
                0x00000000080092a4                EXTI4_IRQHandler
                0x00000000080092a4                DFSDM2_FLT1_IRQHandler
                0x00000000080092a4                RNG_IRQHandler
                0x00000000080092a4                FSMC_IRQHandler
                0x00000000080092a4                WWDG_IRQHandler
                0x00000000080092a4                CAN3_TX_IRQHandler
                0x00000000080092a4                TIM2_IRQHandler
                0x00000000080092a4                OTG_FS_WKUP_IRQHandler
                0x00000000080092a4                TIM1_TRG_COM_TIM11_IRQHandler
                0x00000000080092a4                EXTI1_IRQHandler
                0x00000000080092a4                UART7_IRQHandler
                0x00000000080092a4                USART2_IRQHandler
                0x00000000080092a4                DFSDM1_FLT0_IRQHandler
                0x00000000080092a4                I2C2_ER_IRQHandler
                0x00000000080092a4                CAN1_SCE_IRQHandler
                0x00000000080092a4                FLASH_IRQHandler
                0x00000000080092a4                DMA2_Stream4_IRQHandler
                0x00000000080092a4                USART1_IRQHandler
                0x00000000080092a4                OTG_FS_IRQHandler
                0x00000000080092a4                SPI3_IRQHandler
                0x00000000080092a4                I2C1_ER_IRQHandler
                0x00000000080092a4                LPTIM1_IRQHandler
                0x00000000080092a4                DMA2_Stream6_IRQHandler
                0x00000000080092a4                UART10_IRQHandler
                0x00000000080092a4                SAI1_IRQHandler
 *fill*         0x00000000080092a6        0x2 
 .text.__errno  0x00000000080092a8        0xc c:/st/stm32cubeide_1.0.0/stm32cubeide/plugins/com.st.stm32cube.ide.mcu.externaltools.gnu-tools-for-stm32.7-2018-q2-update.win32_1.0.0.201904181610/tools/bin/../lib/gcc/arm-none-eabi/7.3.1/../../../../arm-none-eabi/lib/thumb/v7e-m/fpv4-sp/hard\libc_nano.a(lib_a-errno.o)
                0x00000000080092a8                __errno
 .text.__sflush_r
                0x00000000080092b4      0x10c c:/st/stm32cubeide_1.0.0/stm32cubeide/plugins/com.st.stm32cube.ide.mcu.externaltools.gnu-tools-for-stm32.7-2018-q2-update.win32_1.0.0.201904181610/tools/bin/../lib/gcc/arm-none-eabi/7.3.1/../../../../arm-none-eabi/lib/thumb/v7e-m/fpv4-sp/hard\libc_nano.a(lib_a-fflush.o)
                0x00000000080092b4                __sflush_r
 .text._fflush_r
                0x00000000080093c0       0x54 c:/st/stm32cubeide_1.0.0/stm32cubeide/plugins/com.st.stm32cube.ide.mcu.externaltools.gnu-tools-for-stm32.7-2018-q2-update.win32_1.0.0.201904181610/tools/bin/../lib/gcc/arm-none-eabi/7.3.1/../../../../arm-none-eabi/lib/thumb/v7e-m/fpv4-sp/hard\libc_nano.a(lib_a-fflush.o)
                0x00000000080093c0                _fflush_r
 .text.fflush   0x0000000008009414       0x24 c:/st/stm32cubeide_1.0.0/stm32cubeide/plugins/com.st.stm32cube.ide.mcu.externaltools.gnu-tools-for-stm32.7-2018-q2-update.win32_1.0.0.201904181610/tools/bin/../lib/gcc/arm-none-eabi/7.3.1/../../../../arm-none-eabi/lib/thumb/v7e-m/fpv4-sp/hard\libc_nano.a(lib_a-fflush.o)
                0x0000000008009414                fflush
 .text.std      0x0000000008009438       0x48 c:/st/stm32cubeide_1.0.0/stm32cubeide/plugins/com.st.stm32cube.ide.mcu.externaltools.gnu-tools-for-stm32.7-2018-q2-update.win32_1.0.0.201904181610/tools/bin/../lib/gcc/arm-none-eabi/7.3.1/../../../../arm-none-eabi/lib/thumb/v7e-m/fpv4-sp/hard\libc_nano.a(lib_a-findfp.o)
 .text._cleanup_r
                0x0000000008009480        0xc c:/st/stm32cubeide_1.0.0/stm32cubeide/plugins/com.st.stm32cube.ide.mcu.externaltools.gnu-tools-for-stm32.7-2018-q2-update.win32_1.0.0.201904181610/tools/bin/../lib/gcc/arm-none-eabi/7.3.1/../../../../arm-none-eabi/lib/thumb/v7e-m/fpv4-sp/hard\libc_nano.a(lib_a-findfp.o)
                0x0000000008009480                _cleanup_r
 .text.__sfmoreglue
                0x000000000800948c       0x2c c:/st/stm32cubeide_1.0.0/stm32cubeide/plugins/com.st.stm32cube.ide.mcu.externaltools.gnu-tools-for-stm32.7-2018-q2-update.win32_1.0.0.201904181610/tools/bin/../lib/gcc/arm-none-eabi/7.3.1/../../../../arm-none-eabi/lib/thumb/v7e-m/fpv4-sp/hard\libc_nano.a(lib_a-findfp.o)
                0x000000000800948c                __sfmoreglue
 .text.__sinit  0x00000000080094b8       0x60 c:/st/stm32cubeide_1.0.0/stm32cubeide/plugins/com.st.stm32cube.ide.mcu.externaltools.gnu-tools-for-stm32.7-2018-q2-update.win32_1.0.0.201904181610/tools/bin/../lib/gcc/arm-none-eabi/7.3.1/../../../../arm-none-eabi/lib/thumb/v7e-m/fpv4-sp/hard\libc_nano.a(lib_a-findfp.o)
                0x00000000080094b8                __sinit
 .text.__sfp    0x0000000008009518       0x78 c:/st/stm32cubeide_1.0.0/stm32cubeide/plugins/com.st.stm32cube.ide.mcu.externaltools.gnu-tools-for-stm32.7-2018-q2-update.win32_1.0.0.201904181610/tools/bin/../lib/gcc/arm-none-eabi/7.3.1/../../../../arm-none-eabi/lib/thumb/v7e-m/fpv4-sp/hard\libc_nano.a(lib_a-findfp.o)
                0x0000000008009518                __sfp
 .text._fwalk_reent
                0x0000000008009590       0x3c c:/st/stm32cubeide_1.0.0/stm32cubeide/plugins/com.st.stm32cube.ide.mcu.externaltools.gnu-tools-for-stm32.7-2018-q2-update.win32_1.0.0.201904181610/tools/bin/../lib/gcc/arm-none-eabi/7.3.1/../../../../arm-none-eabi/lib/thumb/v7e-m/fpv4-sp/hard\libc_nano.a(lib_a-fwalk.o)
                0x0000000008009590                _fwalk_reent
 .text.__libc_init_array
                0x00000000080095cc       0x48 c:/st/stm32cubeide_1.0.0/stm32cubeide/plugins/com.st.stm32cube.ide.mcu.externaltools.gnu-tools-for-stm32.7-2018-q2-update.win32_1.0.0.201904181610/tools/bin/../lib/gcc/arm-none-eabi/7.3.1/../../../../arm-none-eabi/lib/thumb/v7e-m/fpv4-sp/hard\libc_nano.a(lib_a-init.o)
                0x00000000080095cc                __libc_init_array
 .text.memcpy   0x0000000008009614       0x16 c:/st/stm32cubeide_1.0.0/stm32cubeide/plugins/com.st.stm32cube.ide.mcu.externaltools.gnu-tools-for-stm32.7-2018-q2-update.win32_1.0.0.201904181610/tools/bin/../lib/gcc/arm-none-eabi/7.3.1/../../../../arm-none-eabi/lib/thumb/v7e-m/fpv4-sp/hard\libc_nano.a(lib_a-memcpy-stub.o)
                0x0000000008009614                memcpy
 .text.memset   0x000000000800962a       0x10 c:/st/stm32cubeide_1.0.0/stm32cubeide/plugins/com.st.stm32cube.ide.mcu.externaltools.gnu-tools-for-stm32.7-2018-q2-update.win32_1.0.0.201904181610/tools/bin/../lib/gcc/arm-none-eabi/7.3.1/../../../../arm-none-eabi/lib/thumb/v7e-m/fpv4-sp/hard\libc_nano.a(lib_a-memset.o)
                0x000000000800962a                memset
 *fill*         0x000000000800963a        0x2 
 .text._free_r  0x000000000800963c       0x9c c:/st/stm32cubeide_1.0.0/stm32cubeide/plugins/com.st.stm32cube.ide.mcu.externaltools.gnu-tools-for-stm32.7-2018-q2-update.win32_1.0.0.201904181610/tools/bin/../lib/gcc/arm-none-eabi/7.3.1/../../../../arm-none-eabi/lib/thumb/v7e-m/fpv4-sp/hard\libc_nano.a(lib_a-nano-freer.o)
                0x000000000800963c                _free_r
 .text._malloc_r
                0x00000000080096d8       0xb4 c:/st/stm32cubeide_1.0.0/stm32cubeide/plugins/com.st.stm32cube.ide.mcu.externaltools.gnu-tools-for-stm32.7-2018-q2-update.win32_1.0.0.201904181610/tools/bin/../lib/gcc/arm-none-eabi/7.3.1/../../../../arm-none-eabi/lib/thumb/v7e-m/fpv4-sp/hard\libc_nano.a(lib_a-nano-mallocr.o)
                0x00000000080096d8                _malloc_r
 .text.printf   0x000000000800978c       0x30 c:/st/stm32cubeide_1.0.0/stm32cubeide/plugins/com.st.stm32cube.ide.mcu.externaltools.gnu-tools-for-stm32.7-2018-q2-update.win32_1.0.0.201904181610/tools/bin/../lib/gcc/arm-none-eabi/7.3.1/../../../../arm-none-eabi/lib/thumb/v7e-m/fpv4-sp/hard\libc_nano.a(lib_a-printf.o)
                0x000000000800978c                iprintf
                0x000000000800978c                printf
 .text._puts_r  0x00000000080097bc       0xb8 c:/st/stm32cubeide_1.0.0/stm32cubeide/plugins/com.st.stm32cube.ide.mcu.externaltools.gnu-tools-for-stm32.7-2018-q2-update.win32_1.0.0.201904181610/tools/bin/../lib/gcc/arm-none-eabi/7.3.1/../../../../arm-none-eabi/lib/thumb/v7e-m/fpv4-sp/hard\libc_nano.a(lib_a-puts.o)
                0x00000000080097bc                _puts_r
 .text.puts     0x0000000008009874       0x10 c:/st/stm32cubeide_1.0.0/stm32cubeide/plugins/com.st.stm32cube.ide.mcu.externaltools.gnu-tools-for-stm32.7-2018-q2-update.win32_1.0.0.201904181610/tools/bin/../lib/gcc/arm-none-eabi/7.3.1/../../../../arm-none-eabi/lib/thumb/v7e-m/fpv4-sp/hard\libc_nano.a(lib_a-puts.o)
                0x0000000008009874                puts
 .text._sbrk_r  0x0000000008009884       0x20 c:/st/stm32cubeide_1.0.0/stm32cubeide/plugins/com.st.stm32cube.ide.mcu.externaltools.gnu-tools-for-stm32.7-2018-q2-update.win32_1.0.0.201904181610/tools/bin/../lib/gcc/arm-none-eabi/7.3.1/../../../../arm-none-eabi/lib/thumb/v7e-m/fpv4-sp/hard\libc_nano.a(lib_a-sbrkr.o)
                0x0000000008009884                _sbrk_r
 .text.setbuf   0x00000000080098a4       0x10 c:/st/stm32cubeide_1.0.0/stm32cubeide/plugins/com.st.stm32cube.ide.mcu.externaltools.gnu-tools-for-stm32.7-2018-q2-update.win32_1.0.0.201904181610/tools/bin/../lib/gcc/arm-none-eabi/7.3.1/../../../../arm-none-eabi/lib/thumb/v7e-m/fpv4-sp/hard\libc_nano.a(lib_a-setbuf.o)
                0x00000000080098a4                setbuf
 .text.setvbuf  0x00000000080098b4      0x15c c:/st/stm32cubeide_1.0.0/stm32cubeide/plugins/com.st.stm32cube.ide.mcu.externaltools.gnu-tools-for-stm32.7-2018-q2-update.win32_1.0.0.201904181610/tools/bin/../lib/gcc/arm-none-eabi/7.3.1/../../../../arm-none-eabi/lib/thumb/v7e-m/fpv4-sp/hard\libc_nano.a(lib_a-setvbuf.o)
                0x00000000080098b4                setvbuf
 .text.__sread  0x0000000008009a10       0x22 c:/st/stm32cubeide_1.0.0/stm32cubeide/plugins/com.st.stm32cube.ide.mcu.externaltools.gnu-tools-for-stm32.7-2018-q2-update.win32_1.0.0.201904181610/tools/bin/../lib/gcc/arm-none-eabi/7.3.1/../../../../arm-none-eabi/lib/thumb/v7e-m/fpv4-sp/hard\libc_nano.a(lib_a-stdio.o)
                0x0000000008009a10                __sread
 .text.__swrite
                0x0000000008009a32       0x38 c:/st/stm32cubeide_1.0.0/stm32cubeide/plugins/com.st.stm32cube.ide.mcu.externaltools.gnu-tools-for-stm32.7-2018-q2-update.win32_1.0.0.201904181610/tools/bin/../lib/gcc/arm-none-eabi/7.3.1/../../../../arm-none-eabi/lib/thumb/v7e-m/fpv4-sp/hard\libc_nano.a(lib_a-stdio.o)
                0x0000000008009a32                __swrite
 .text.__sseek  0x0000000008009a6a       0x24 c:/st/stm32cubeide_1.0.0/stm32cubeide/plugins/com.st.stm32cube.ide.mcu.externaltools.gnu-tools-for-stm32.7-2018-q2-update.win32_1.0.0.201904181610/tools/bin/../lib/gcc/arm-none-eabi/7.3.1/../../../../arm-none-eabi/lib/thumb/v7e-m/fpv4-sp/hard\libc_nano.a(lib_a-stdio.o)
                0x0000000008009a6a                __sseek
 .text.__sclose
                0x0000000008009a8e        0x8 c:/st/stm32cubeide_1.0.0/stm32cubeide/plugins/com.st.stm32cube.ide.mcu.externaltools.gnu-tools-for-stm32.7-2018-q2-update.win32_1.0.0.201904181610/tools/bin/../lib/gcc/arm-none-eabi/7.3.1/../../../../arm-none-eabi/lib/thumb/v7e-m/fpv4-sp/hard\libc_nano.a(lib_a-stdio.o)
                0x0000000008009a8e                __sclose
 *fill*         0x0000000008009a96        0x2 
 .text.__swbuf_r
                0x0000000008009a98       0xa4 c:/st/stm32cubeide_1.0.0/stm32cubeide/plugins/com.st.stm32cube.ide.mcu.externaltools.gnu-tools-for-stm32.7-2018-q2-update.win32_1.0.0.201904181610/tools/bin/../lib/gcc/arm-none-eabi/7.3.1/../../../../arm-none-eabi/lib/thumb/v7e-m/fpv4-sp/hard\libc_nano.a(lib_a-wbuf.o)
                0x0000000008009a98                __swbuf_r
 .text._write_r
                0x0000000008009b3c       0x24 c:/st/stm32cubeide_1.0.0/stm32cubeide/plugins/com.st.stm32cube.ide.mcu.externaltools.gnu-tools-for-stm32.7-2018-q2-update.win32_1.0.0.201904181610/tools/bin/../lib/gcc/arm-none-eabi/7.3.1/../../../../arm-none-eabi/lib/thumb/v7e-m/fpv4-sp/hard\libc_nano.a(lib_a-writer.o)
                0x0000000008009b3c                _write_r
 .text.__swsetup_r
                0x0000000008009b60       0xdc c:/st/stm32cubeide_1.0.0/stm32cubeide/plugins/com.st.stm32cube.ide.mcu.externaltools.gnu-tools-for-stm32.7-2018-q2-update.win32_1.0.0.201904181610/tools/bin/../lib/gcc/arm-none-eabi/7.3.1/../../../../arm-none-eabi/lib/thumb/v7e-m/fpv4-sp/hard\libc_nano.a(lib_a-wsetup.o)
                0x0000000008009b60                __swsetup_r
 .text._close_r
                0x0000000008009c3c       0x20 c:/st/stm32cubeide_1.0.0/stm32cubeide/plugins/com.st.stm32cube.ide.mcu.externaltools.gnu-tools-for-stm32.7-2018-q2-update.win32_1.0.0.201904181610/tools/bin/../lib/gcc/arm-none-eabi/7.3.1/../../../../arm-none-eabi/lib/thumb/v7e-m/fpv4-sp/hard\libc_nano.a(lib_a-closer.o)
                0x0000000008009c3c                _close_r
 .text._lseek_r
                0x0000000008009c5c       0x24 c:/st/stm32cubeide_1.0.0/stm32cubeide/plugins/com.st.stm32cube.ide.mcu.externaltools.gnu-tools-for-stm32.7-2018-q2-update.win32_1.0.0.201904181610/tools/bin/../lib/gcc/arm-none-eabi/7.3.1/../../../../arm-none-eabi/lib/thumb/v7e-m/fpv4-sp/hard\libc_nano.a(lib_a-lseekr.o)
                0x0000000008009c5c                _lseek_r
 .text.__swhatbuf_r
                0x0000000008009c80       0x48 c:/st/stm32cubeide_1.0.0/stm32cubeide/plugins/com.st.stm32cube.ide.mcu.externaltools.gnu-tools-for-stm32.7-2018-q2-update.win32_1.0.0.201904181610/tools/bin/../lib/gcc/arm-none-eabi/7.3.1/../../../../arm-none-eabi/lib/thumb/v7e-m/fpv4-sp/hard\libc_nano.a(lib_a-makebuf.o)
                0x0000000008009c80                __swhatbuf_r
 .text.__smakebuf_r
                0x0000000008009cc8       0x80 c:/st/stm32cubeide_1.0.0/stm32cubeide/plugins/com.st.stm32cube.ide.mcu.externaltools.gnu-tools-for-stm32.7-2018-q2-update.win32_1.0.0.201904181610/tools/bin/../lib/gcc/arm-none-eabi/7.3.1/../../../../arm-none-eabi/lib/thumb/v7e-m/fpv4-sp/hard\libc_nano.a(lib_a-makebuf.o)
                0x0000000008009cc8                __smakebuf_r
 .text.malloc   0x0000000008009d48       0x10 c:/st/stm32cubeide_1.0.0/stm32cubeide/plugins/com.st.stm32cube.ide.mcu.externaltools.gnu-tools-for-stm32.7-2018-q2-update.win32_1.0.0.201904181610/tools/bin/../lib/gcc/arm-none-eabi/7.3.1/../../../../arm-none-eabi/lib/thumb/v7e-m/fpv4-sp/hard\libc_nano.a(lib_a-malloc.o)
                0x0000000008009d48                malloc
 .text.__malloc_lock
                0x0000000008009d58        0x2 c:/st/stm32cubeide_1.0.0/stm32cubeide/plugins/com.st.stm32cube.ide.mcu.externaltools.gnu-tools-for-stm32.7-2018-q2-update.win32_1.0.0.201904181610/tools/bin/../lib/gcc/arm-none-eabi/7.3.1/../../../../arm-none-eabi/lib/thumb/v7e-m/fpv4-sp/hard\libc_nano.a(lib_a-mlock.o)
                0x0000000008009d58                __malloc_lock
 .text.__malloc_unlock
                0x0000000008009d5a        0x2 c:/st/stm32cubeide_1.0.0/stm32cubeide/plugins/com.st.stm32cube.ide.mcu.externaltools.gnu-tools-for-stm32.7-2018-q2-update.win32_1.0.0.201904181610/tools/bin/../lib/gcc/arm-none-eabi/7.3.1/../../../../arm-none-eabi/lib/thumb/v7e-m/fpv4-sp/hard\libc_nano.a(lib_a-mlock.o)
                0x0000000008009d5a                __malloc_unlock
 .text.__sfputc_r
                0x0000000008009d5c       0x2e c:/st/stm32cubeide_1.0.0/stm32cubeide/plugins/com.st.stm32cube.ide.mcu.externaltools.gnu-tools-for-stm32.7-2018-q2-update.win32_1.0.0.201904181610/tools/bin/../lib/gcc/arm-none-eabi/7.3.1/../../../../arm-none-eabi/lib/thumb/v7e-m/fpv4-sp/hard\libc_nano.a(lib_a-nano-vfprintf.o)
 .text.__sfputs_r
                0x0000000008009d8a       0x24 c:/st/stm32cubeide_1.0.0/stm32cubeide/plugins/com.st.stm32cube.ide.mcu.externaltools.gnu-tools-for-stm32.7-2018-q2-update.win32_1.0.0.201904181610/tools/bin/../lib/gcc/arm-none-eabi/7.3.1/../../../../arm-none-eabi/lib/thumb/v7e-m/fpv4-sp/hard\libc_nano.a(lib_a-nano-vfprintf.o)
                0x0000000008009d8a                __sfputs_r
 *fill*         0x0000000008009dae        0x2 
 .text._vfprintf_r
                0x0000000008009db0      0x22c c:/st/stm32cubeide_1.0.0/stm32cubeide/plugins/com.st.stm32cube.ide.mcu.externaltools.gnu-tools-for-stm32.7-2018-q2-update.win32_1.0.0.201904181610/tools/bin/../lib/gcc/arm-none-eabi/7.3.1/../../../../arm-none-eabi/lib/thumb/v7e-m/fpv4-sp/hard\libc_nano.a(lib_a-nano-vfprintf.o)
                0x0000000008009db0                _vfprintf_r
                0x0000000008009db0                _vfiprintf_r
 .text._printf_common
                0x0000000008009fdc       0xea c:/st/stm32cubeide_1.0.0/stm32cubeide/plugins/com.st.stm32cube.ide.mcu.externaltools.gnu-tools-for-stm32.7-2018-q2-update.win32_1.0.0.201904181610/tools/bin/../lib/gcc/arm-none-eabi/7.3.1/../../../../arm-none-eabi/lib/thumb/v7e-m/fpv4-sp/hard\libc_nano.a(lib_a-nano-vfprintf_i.o)
                0x0000000008009fdc                _printf_common
 *fill*         0x000000000800a0c6        0x2 
 .text._printf_i
                0x000000000800a0c8      0x224 c:/st/stm32cubeide_1.0.0/stm32cubeide/plugins/com.st.stm32cube.ide.mcu.externaltools.gnu-tools-for-stm32.7-2018-q2-update.win32_1.0.0.201904181610/tools/bin/../lib/gcc/arm-none-eabi/7.3.1/../../../../arm-none-eabi/lib/thumb/v7e-m/fpv4-sp/hard\libc_nano.a(lib_a-nano-vfprintf_i.o)
                0x000000000800a0c8                _printf_i
 .text._read_r  0x000000000800a2ec       0x24 c:/st/stm32cubeide_1.0.0/stm32cubeide/plugins/com.st.stm32cube.ide.mcu.externaltools.gnu-tools-for-stm32.7-2018-q2-update.win32_1.0.0.201904181610/tools/bin/../lib/gcc/arm-none-eabi/7.3.1/../../../../arm-none-eabi/lib/thumb/v7e-m/fpv4-sp/hard\libc_nano.a(lib_a-readr.o)
                0x000000000800a2ec                _read_r
 .text._fstat_r
                0x000000000800a310       0x24 c:/st/stm32cubeide_1.0.0/stm32cubeide/plugins/com.st.stm32cube.ide.mcu.externaltools.gnu-tools-for-stm32.7-2018-q2-update.win32_1.0.0.201904181610/tools/bin/../lib/gcc/arm-none-eabi/7.3.1/../../../../arm-none-eabi/lib/thumb/v7e-m/fpv4-sp/hard\libc_nano.a(lib_a-fstatr.o)
                0x000000000800a310                _fstat_r
 .text._isatty_r
                0x000000000800a334       0x20 c:/st/stm32cubeide_1.0.0/stm32cubeide/plugins/com.st.stm32cube.ide.mcu.externaltools.gnu-tools-for-stm32.7-2018-q2-update.win32_1.0.0.201904181610/tools/bin/../lib/gcc/arm-none-eabi/7.3.1/../../../../arm-none-eabi/lib/thumb/v7e-m/fpv4-sp/hard\libc_nano.a(lib_a-isattyr.o)
                0x000000000800a334                _isatty_r
 *fill*         0x000000000800a354        0x4 
 .text.ceil     0x000000000800a358      0x100 c:/st/stm32cubeide_1.0.0/stm32cubeide/plugins/com.st.stm32cube.ide.mcu.externaltools.gnu-tools-for-stm32.7-2018-q2-update.win32_1.0.0.201904181610/tools/bin/../lib/gcc/arm-none-eabi/7.3.1/../../../../arm-none-eabi/lib/thumb/v7e-m/fpv4-sp/hard\libm.a(lib_a-s_ceil.o)
                0x000000000800a358                ceil
 .text.floor    0x000000000800a458      0x108 c:/st/stm32cubeide_1.0.0/stm32cubeide/plugins/com.st.stm32cube.ide.mcu.externaltools.gnu-tools-for-stm32.7-2018-q2-update.win32_1.0.0.201904181610/tools/bin/../lib/gcc/arm-none-eabi/7.3.1/../../../../arm-none-eabi/lib/thumb/v7e-m/fpv4-sp/hard\libm.a(lib_a-s_floor.o)
                0x000000000800a458                floor
 .text.trunc    0x000000000800a560       0x74 c:/st/stm32cubeide_1.0.0/stm32cubeide/plugins/com.st.stm32cube.ide.mcu.externaltools.gnu-tools-for-stm32.7-2018-q2-update.win32_1.0.0.201904181610/tools/bin/../lib/gcc/arm-none-eabi/7.3.1/../../../../arm-none-eabi/lib/thumb/v7e-m/fpv4-sp/hard\libm.a(lib_a-s_trunc.o)
                0x000000000800a560                trunc
 .text.pow      0x000000000800a5d4      0x2e0 c:/st/stm32cubeide_1.0.0/stm32cubeide/plugins/com.st.stm32cube.ide.mcu.externaltools.gnu-tools-for-stm32.7-2018-q2-update.win32_1.0.0.201904181610/tools/bin/../lib/gcc/arm-none-eabi/7.3.1/../../../../arm-none-eabi/lib/thumb/v7e-m/fpv4-sp/hard\libm.a(lib_a-w_pow.o)
                0x000000000800a5d4                pow
 *fill*         0x000000000800a8b4        0x4 
 .text.__ieee754_pow
                0x000000000800a8b8      0xa1c c:/st/stm32cubeide_1.0.0/stm32cubeide/plugins/com.st.stm32cube.ide.mcu.externaltools.gnu-tools-for-stm32.7-2018-q2-update.win32_1.0.0.201904181610/tools/bin/../lib/gcc/arm-none-eabi/7.3.1/../../../../arm-none-eabi/lib/thumb/v7e-m/fpv4-sp/hard\libm.a(lib_a-e_pow.o)
                0x000000000800a8b8                __ieee754_pow
 .text.__ieee754_sqrt
                0x000000000800b2d4      0x160 c:/st/stm32cubeide_1.0.0/stm32cubeide/plugins/com.st.stm32cube.ide.mcu.externaltools.gnu-tools-for-stm32.7-2018-q2-update.win32_1.0.0.201904181610/tools/bin/../lib/gcc/arm-none-eabi/7.3.1/../../../../arm-none-eabi/lib/thumb/v7e-m/fpv4-sp/hard\libm.a(lib_a-e_sqrt.o)
                0x000000000800b2d4                __ieee754_sqrt
 .text.fabs     0x000000000800b434       0x12 c:/st/stm32cubeide_1.0.0/stm32cubeide/plugins/com.st.stm32cube.ide.mcu.externaltools.gnu-tools-for-stm32.7-2018-q2-update.win32_1.0.0.201904181610/tools/bin/../lib/gcc/arm-none-eabi/7.3.1/../../../../arm-none-eabi/lib/thumb/v7e-m/fpv4-sp/hard\libm.a(lib_a-s_fabs.o)
                0x000000000800b434                fabs
 .text.finite   0x000000000800b446       0x10 c:/st/stm32cubeide_1.0.0/stm32cubeide/plugins/com.st.stm32cube.ide.mcu.externaltools.gnu-tools-for-stm32.7-2018-q2-update.win32_1.0.0.201904181610/tools/bin/../lib/gcc/arm-none-eabi/7.3.1/../../../../arm-none-eabi/lib/thumb/v7e-m/fpv4-sp/hard\libm.a(lib_a-s_finite.o)
                0x000000000800b446                finite
 .text.matherr  0x000000000800b456        0x4 c:/st/stm32cubeide_1.0.0/stm32cubeide/plugins/com.st.stm32cube.ide.mcu.externaltools.gnu-tools-for-stm32.7-2018-q2-update.win32_1.0.0.201904181610/tools/bin/../lib/gcc/arm-none-eabi/7.3.1/../../../../arm-none-eabi/lib/thumb/v7e-m/fpv4-sp/hard\libm.a(lib_a-s_matherr.o)
                0x000000000800b456                matherr
 *fill*         0x000000000800b45a        0x6 
 .text.nan      0x000000000800b460       0x10 c:/st/stm32cubeide_1.0.0/stm32cubeide/plugins/com.st.stm32cube.ide.mcu.externaltools.gnu-tools-for-stm32.7-2018-q2-update.win32_1.0.0.201904181610/tools/bin/../lib/gcc/arm-none-eabi/7.3.1/../../../../arm-none-eabi/lib/thumb/v7e-m/fpv4-sp/hard\libm.a(lib_a-s_nan.o)
                0x000000000800b460                nan
 .text.rint     0x000000000800b470      0x108 c:/st/stm32cubeide_1.0.0/stm32cubeide/plugins/com.st.stm32cube.ide.mcu.externaltools.gnu-tools-for-stm32.7-2018-q2-update.win32_1.0.0.201904181610/tools/bin/../lib/gcc/arm-none-eabi/7.3.1/../../../../arm-none-eabi/lib/thumb/v7e-m/fpv4-sp/hard\libm.a(lib_a-s_rint.o)
                0x000000000800b470                rint
 .text.scalbn   0x000000000800b578       0xec c:/st/stm32cubeide_1.0.0/stm32cubeide/plugins/com.st.stm32cube.ide.mcu.externaltools.gnu-tools-for-stm32.7-2018-q2-update.win32_1.0.0.201904181610/tools/bin/../lib/gcc/arm-none-eabi/7.3.1/../../../../arm-none-eabi/lib/thumb/v7e-m/fpv4-sp/hard\libm.a(lib_a-s_scalbn.o)
                0x000000000800b578                scalbn
 .text.copysign
                0x000000000800b664       0x1e c:/st/stm32cubeide_1.0.0/stm32cubeide/plugins/com.st.stm32cube.ide.mcu.externaltools.gnu-tools-for-stm32.7-2018-q2-update.win32_1.0.0.201904181610/tools/bin/../lib/gcc/arm-none-eabi/7.3.1/../../../../arm-none-eabi/lib/thumb/v7e-m/fpv4-sp/hard\libm.a(lib_a-s_copysign.o)
                0x000000000800b664                copysign
 *(.glue_7)
 .glue_7        0x000000000800b682        0x0 linker stubs
 *(.glue_7t)
 .glue_7t       0x000000000800b682        0x0 linker stubs
 *(.eh_frame)
 *fill*         0x000000000800b682        0x2 
 .eh_frame      0x000000000800b684        0x0 c:/st/stm32cubeide_1.0.0/stm32cubeide/plugins/com.st.stm32cube.ide.mcu.externaltools.gnu-tools-for-stm32.7-2018-q2-update.win32_1.0.0.201904181610/tools/bin/../lib/gcc/arm-none-eabi/7.3.1/thumb/v7e-m/fpv4-sp/hard/crtbegin.o
 *(.init)
 .init          0x000000000800b684        0x4 c:/st/stm32cubeide_1.0.0/stm32cubeide/plugins/com.st.stm32cube.ide.mcu.externaltools.gnu-tools-for-stm32.7-2018-q2-update.win32_1.0.0.201904181610/tools/bin/../lib/gcc/arm-none-eabi/7.3.1/thumb/v7e-m/fpv4-sp/hard/crti.o
                0x000000000800b684                _init
 .init          0x000000000800b688        0x8 c:/st/stm32cubeide_1.0.0/stm32cubeide/plugins/com.st.stm32cube.ide.mcu.externaltools.gnu-tools-for-stm32.7-2018-q2-update.win32_1.0.0.201904181610/tools/bin/../lib/gcc/arm-none-eabi/7.3.1/thumb/v7e-m/fpv4-sp/hard/crtn.o
 *(.fini)
 .fini          0x000000000800b690        0x4 c:/st/stm32cubeide_1.0.0/stm32cubeide/plugins/com.st.stm32cube.ide.mcu.externaltools.gnu-tools-for-stm32.7-2018-q2-update.win32_1.0.0.201904181610/tools/bin/../lib/gcc/arm-none-eabi/7.3.1/thumb/v7e-m/fpv4-sp/hard/crti.o
                0x000000000800b690                _fini
 .fini          0x000000000800b694        0x8 c:/st/stm32cubeide_1.0.0/stm32cubeide/plugins/com.st.stm32cube.ide.mcu.externaltools.gnu-tools-for-stm32.7-2018-q2-update.win32_1.0.0.201904181610/tools/bin/../lib/gcc/arm-none-eabi/7.3.1/thumb/v7e-m/fpv4-sp/hard/crtn.o
                0x000000000800b69c                . = ALIGN (0x4)
                0x000000000800b69c                _etext = .

.vfp11_veneer   0x000000000800b69c        0x0
 .vfp11_veneer  0x000000000800b69c        0x0 linker stubs

.v4_bx          0x000000000800b69c        0x0
 .v4_bx         0x000000000800b69c        0x0 linker stubs

.iplt           0x000000000800b69c        0x0
 .iplt          0x000000000800b69c        0x0 c:/st/stm32cubeide_1.0.0/stm32cubeide/plugins/com.st.stm32cube.ide.mcu.externaltools.gnu-tools-for-stm32.7-2018-q2-update.win32_1.0.0.201904181610/tools/bin/../lib/gcc/arm-none-eabi/7.3.1/thumb/v7e-m/fpv4-sp/hard/crtbegin.o

.rodata         0x000000000800b6a0      0x458
                0x000000000800b6a0                . = ALIGN (0x4)
 *(.rodata)
 *(.rodata*)
 .rodata.flagBitshiftOffset.8418
                0x000000000800b6a0        0x8 Drivers/STM32F4xx_HAL_Driver/Src/stm32f4xx_hal_dma.o
 .rodata.IMU_Initialize.str1.4
                0x000000000800b6a8        0xc Src/imu.o
 .rodata.Sensor_DebugPrintf.str1.4
                0x000000000800b6b4       0x45 Src/ir_sensor.o
 *fill*         0x000000000800b6f9        0x3 
 .rodata.data_read.str1.4
                0x000000000800b6fc      0x152 Src/module_test.o
 *fill*         0x000000000800b84e        0x2 
 .rodata.module_test.str1.4
                0x000000000800b850      0x1b0 Src/module_test.o
                                        0x1af (size before relaxing)
 .rodata.AHBPrescTable
                0x000000000800ba00       0x10 Src/system_stm32f4xx.o
                0x000000000800ba00                AHBPrescTable
 .rodata.APBPrescTable
                0x000000000800ba10        0x8 Src/system_stm32f4xx.o
                0x000000000800ba10                APBPrescTable
 .rodata.__sf_fake_stderr
                0x000000000800ba18       0x20 c:/st/stm32cubeide_1.0.0/stm32cubeide/plugins/com.st.stm32cube.ide.mcu.externaltools.gnu-tools-for-stm32.7-2018-q2-update.win32_1.0.0.201904181610/tools/bin/../lib/gcc/arm-none-eabi/7.3.1/../../../../arm-none-eabi/lib/thumb/v7e-m/fpv4-sp/hard\libc_nano.a(lib_a-findfp.o)
                0x000000000800ba18                __sf_fake_stderr
 .rodata.__sf_fake_stdin
                0x000000000800ba38       0x20 c:/st/stm32cubeide_1.0.0/stm32cubeide/plugins/com.st.stm32cube.ide.mcu.externaltools.gnu-tools-for-stm32.7-2018-q2-update.win32_1.0.0.201904181610/tools/bin/../lib/gcc/arm-none-eabi/7.3.1/../../../../arm-none-eabi/lib/thumb/v7e-m/fpv4-sp/hard\libc_nano.a(lib_a-findfp.o)
                0x000000000800ba38                __sf_fake_stdin
 .rodata.__sf_fake_stdout
                0x000000000800ba58       0x20 c:/st/stm32cubeide_1.0.0/stm32cubeide/plugins/com.st.stm32cube.ide.mcu.externaltools.gnu-tools-for-stm32.7-2018-q2-update.win32_1.0.0.201904181610/tools/bin/../lib/gcc/arm-none-eabi/7.3.1/../../../../arm-none-eabi/lib/thumb/v7e-m/fpv4-sp/hard\libc_nano.a(lib_a-findfp.o)
                0x000000000800ba58                __sf_fake_stdout
 .rodata._global_impure_ptr
                0x000000000800ba78        0x4 c:/st/stm32cubeide_1.0.0/stm32cubeide/plugins/com.st.stm32cube.ide.mcu.externaltools.gnu-tools-for-stm32.7-2018-q2-update.win32_1.0.0.201904181610/tools/bin/../lib/gcc/arm-none-eabi/7.3.1/../../../../arm-none-eabi/lib/thumb/v7e-m/fpv4-sp/hard\libc_nano.a(lib_a-impure.o)
                0x000000000800ba78                _global_impure_ptr
 .rodata._vfprintf_r.str1.1
                0x000000000800ba7c       0x11 c:/st/stm32cubeide_1.0.0/stm32cubeide/plugins/com.st.stm32cube.ide.mcu.externaltools.gnu-tools-for-stm32.7-2018-q2-update.win32_1.0.0.201904181610/tools/bin/../lib/gcc/arm-none-eabi/7.3.1/../../../../arm-none-eabi/lib/thumb/v7e-m/fpv4-sp/hard\libc_nano.a(lib_a-nano-vfprintf.o)
 .rodata._printf_i.str1.1
                0x000000000800ba8d       0x22 c:/st/stm32cubeide_1.0.0/stm32cubeide/plugins/com.st.stm32cube.ide.mcu.externaltools.gnu-tools-for-stm32.7-2018-q2-update.win32_1.0.0.201904181610/tools/bin/../lib/gcc/arm-none-eabi/7.3.1/../../../../arm-none-eabi/lib/thumb/v7e-m/fpv4-sp/hard\libc_nano.a(lib_a-nano-vfprintf_i.o)
 .rodata.pow.str1.1
                0x000000000800baaf        0x4 c:/st/stm32cubeide_1.0.0/stm32cubeide/plugins/com.st.stm32cube.ide.mcu.externaltools.gnu-tools-for-stm32.7-2018-q2-update.win32_1.0.0.201904181610/tools/bin/../lib/gcc/arm-none-eabi/7.3.1/../../../../arm-none-eabi/lib/thumb/v7e-m/fpv4-sp/hard\libm.a(lib_a-w_pow.o)
 .rodata.__ieee754_pow.str1.1
                0x000000000800bab3        0x4 c:/st/stm32cubeide_1.0.0/stm32cubeide/plugins/com.st.stm32cube.ide.mcu.externaltools.gnu-tools-for-stm32.7-2018-q2-update.win32_1.0.0.201904181610/tools/bin/../lib/gcc/arm-none-eabi/7.3.1/../../../../arm-none-eabi/lib/thumb/v7e-m/fpv4-sp/hard\libm.a(lib_a-e_pow.o)
                                          0x1 (size before relaxing)
 *fill*         0x000000000800bab3        0x5 
 .rodata.bp     0x000000000800bab8       0x10 c:/st/stm32cubeide_1.0.0/stm32cubeide/plugins/com.st.stm32cube.ide.mcu.externaltools.gnu-tools-for-stm32.7-2018-q2-update.win32_1.0.0.201904181610/tools/bin/../lib/gcc/arm-none-eabi/7.3.1/../../../../arm-none-eabi/lib/thumb/v7e-m/fpv4-sp/hard\libm.a(lib_a-e_pow.o)
 .rodata.dp_h   0x000000000800bac8       0x10 c:/st/stm32cubeide_1.0.0/stm32cubeide/plugins/com.st.stm32cube.ide.mcu.externaltools.gnu-tools-for-stm32.7-2018-q2-update.win32_1.0.0.201904181610/tools/bin/../lib/gcc/arm-none-eabi/7.3.1/../../../../arm-none-eabi/lib/thumb/v7e-m/fpv4-sp/hard\libm.a(lib_a-e_pow.o)
 .rodata.dp_l   0x000000000800bad8       0x10 c:/st/stm32cubeide_1.0.0/stm32cubeide/plugins/com.st.stm32cube.ide.mcu.externaltools.gnu-tools-for-stm32.7-2018-q2-update.win32_1.0.0.201904181610/tools/bin/../lib/gcc/arm-none-eabi/7.3.1/../../../../arm-none-eabi/lib/thumb/v7e-m/fpv4-sp/hard\libm.a(lib_a-e_pow.o)
 .rodata.TWO52  0x000000000800bae8       0x10 c:/st/stm32cubeide_1.0.0/stm32cubeide/plugins/com.st.stm32cube.ide.mcu.externaltools.gnu-tools-for-stm32.7-2018-q2-update.win32_1.0.0.201904181610/tools/bin/../lib/gcc/arm-none-eabi/7.3.1/../../../../arm-none-eabi/lib/thumb/v7e-m/fpv4-sp/hard\libm.a(lib_a-s_rint.o)
                0x000000000800baf8                . = ALIGN (0x4)

.ARM.extab      0x000000000800baf8        0x0
                0x000000000800baf8                . = ALIGN (0x4)
 *(.ARM.extab* .gnu.linkonce.armextab.*)
                0x000000000800baf8                . = ALIGN (0x4)

.ARM            0x000000000800baf8        0x8
                0x000000000800baf8                . = ALIGN (0x4)
                0x000000000800baf8                __exidx_start = .
 *(.ARM.exidx*)
 .ARM.exidx     0x000000000800baf8        0x8 c:/st/stm32cubeide_1.0.0/stm32cubeide/plugins/com.st.stm32cube.ide.mcu.externaltools.gnu-tools-for-stm32.7-2018-q2-update.win32_1.0.0.201904181610/tools/bin/../lib/gcc/arm-none-eabi/7.3.1/thumb/v7e-m/fpv4-sp/hard\libgcc.a(_udivmoddi4.o)
                0x000000000800bb00                __exidx_end = .
                0x000000000800bb00                . = ALIGN (0x4)

.rel.dyn        0x000000000800bb00        0x0
 .rel.iplt      0x000000000800bb00        0x0 c:/st/stm32cubeide_1.0.0/stm32cubeide/plugins/com.st.stm32cube.ide.mcu.externaltools.gnu-tools-for-stm32.7-2018-q2-update.win32_1.0.0.201904181610/tools/bin/../lib/gcc/arm-none-eabi/7.3.1/thumb/v7e-m/fpv4-sp/hard/crtbegin.o

.preinit_array  0x000000000800bb00        0x0
                0x000000000800bb00                . = ALIGN (0x4)
                0x000000000800bb00                PROVIDE (__preinit_array_start = .)
 *(.preinit_array*)
                0x000000000800bb00                PROVIDE (__preinit_array_end = .)
                0x000000000800bb00                . = ALIGN (0x4)

.init_array     0x000000000800bb00        0x4
                0x000000000800bb00                . = ALIGN (0x4)
                0x000000000800bb00                PROVIDE (__init_array_start = .)
 *(SORT_BY_NAME(.init_array.*))
 *(.init_array*)
 .init_array    0x000000000800bb00        0x4 c:/st/stm32cubeide_1.0.0/stm32cubeide/plugins/com.st.stm32cube.ide.mcu.externaltools.gnu-tools-for-stm32.7-2018-q2-update.win32_1.0.0.201904181610/tools/bin/../lib/gcc/arm-none-eabi/7.3.1/thumb/v7e-m/fpv4-sp/hard/crtbegin.o
                0x000000000800bb04                PROVIDE (__init_array_end = .)
                0x000000000800bb04                . = ALIGN (0x4)

.fini_array     0x000000000800bb04        0x4
                0x000000000800bb04                . = ALIGN (0x4)
                [!provide]                        PROVIDE (__fini_array_start = .)
 *(SORT_BY_NAME(.fini_array.*))
 *(.fini_array*)
 .fini_array    0x000000000800bb04        0x4 c:/st/stm32cubeide_1.0.0/stm32cubeide/plugins/com.st.stm32cube.ide.mcu.externaltools.gnu-tools-for-stm32.7-2018-q2-update.win32_1.0.0.201904181610/tools/bin/../lib/gcc/arm-none-eabi/7.3.1/thumb/v7e-m/fpv4-sp/hard/crtbegin.o
                [!provide]                        PROVIDE (__fini_array_end = .)
                0x000000000800bb08                . = ALIGN (0x4)
                0x000000000800bb08                _sidata = LOADADDR (.data)

.data           0x0000000020000000       0x94 load address 0x000000000800bb08
                0x0000000020000000                . = ALIGN (0x4)
                0x0000000020000000                _sdata = .
 *(.data)
 *(.data*)
 .data.uwTickFreq
                0x0000000020000000        0x1 Drivers/STM32F4xx_HAL_Driver/Src/stm32f4xx_hal.o
                0x0000000020000000                uwTickFreq
 *fill*         0x0000000020000001        0x3 
 .data.uwTickPrio
                0x0000000020000004        0x4 Drivers/STM32F4xx_HAL_Driver/Src/stm32f4xx_hal.o
                0x0000000020000004                uwTickPrio
 .data.imu_address
                0x0000000020000008        0x1 Src/imu.o
 .data.goal_size
                0x0000000020000009        0x1 Src/main.o
                0x0000000020000009                goal_size
 *fill*         0x000000002000000a        0x2 
 .data.maze_goal
                0x000000002000000c       0x12 Src/main.o
                0x000000002000000c                maze_goal
 .data.maze_x_size
                0x000000002000001e        0x1 Src/main.o
                0x000000002000001e                maze_x_size
 .data.maze_y_size
                0x000000002000001f        0x1 Src/main.o
                0x000000002000001f                maze_y_size
 .data.wall_sensor_front_th
                0x0000000020000020        0x2 Src/matlab_code_gen_data.o
                0x0000000020000020                wall_sensor_front_th
 .data.wall_sensor_left_th
                0x0000000020000022        0x2 Src/matlab_code_gen_data.o
                0x0000000020000022                wall_sensor_left_th
 .data.wall_sensor_right_th
                0x0000000020000024        0x2 Src/matlab_code_gen_data.o
                0x0000000020000024                wall_sensor_right_th
 *fill*         0x0000000020000026        0x2 
 .data.SystemCoreClock
                0x0000000020000028        0x4 Src/system_stm32f4xx.o
                0x0000000020000028                SystemCoreClock
 .data._impure_ptr
                0x000000002000002c        0x4 c:/st/stm32cubeide_1.0.0/stm32cubeide/plugins/com.st.stm32cube.ide.mcu.externaltools.gnu-tools-for-stm32.7-2018-q2-update.win32_1.0.0.201904181610/tools/bin/../lib/gcc/arm-none-eabi/7.3.1/../../../../arm-none-eabi/lib/thumb/v7e-m/fpv4-sp/hard\libc_nano.a(lib_a-impure.o)
                0x000000002000002c                _impure_ptr
 .data.impure_data
                0x0000000020000030       0x60 c:/st/stm32cubeide_1.0.0/stm32cubeide/plugins/com.st.stm32cube.ide.mcu.externaltools.gnu-tools-for-stm32.7-2018-q2-update.win32_1.0.0.201904181610/tools/bin/../lib/gcc/arm-none-eabi/7.3.1/../../../../arm-none-eabi/lib/thumb/v7e-m/fpv4-sp/hard\libc_nano.a(lib_a-impure.o)
 .data.__fdlib_version
                0x0000000020000090        0x1 c:/st/stm32cubeide_1.0.0/stm32cubeide/plugins/com.st.stm32cube.ide.mcu.externaltools.gnu-tools-for-stm32.7-2018-q2-update.win32_1.0.0.201904181610/tools/bin/../lib/gcc/arm-none-eabi/7.3.1/../../../../arm-none-eabi/lib/thumb/v7e-m/fpv4-sp/hard\libm.a(lib_a-s_lib_ver.o)
                0x0000000020000090                __fdlib_version
                0x0000000020000094                . = ALIGN (0x4)
 *fill*         0x0000000020000091        0x3 
                0x0000000020000094                _edata = .

.igot.plt       0x0000000020000094        0x0 load address 0x000000000800bb9c
 .igot.plt      0x0000000020000094        0x0 c:/st/stm32cubeide_1.0.0/stm32cubeide/plugins/com.st.stm32cube.ide.mcu.externaltools.gnu-tools-for-stm32.7-2018-q2-update.win32_1.0.0.201904181610/tools/bin/../lib/gcc/arm-none-eabi/7.3.1/thumb/v7e-m/fpv4-sp/hard/crtbegin.o
                0x0000000020000094                . = ALIGN (0x4)

.bss            0x0000000020000098    0x1bd20 load address 0x000000000800bb9c
                0x0000000020000098                _sbss = .
                0x0000000020000098                __bss_start__ = _sbss
 *(.bss)
 .bss           0x0000000020000098       0x1c c:/st/stm32cubeide_1.0.0/stm32cubeide/plugins/com.st.stm32cube.ide.mcu.externaltools.gnu-tools-for-stm32.7-2018-q2-update.win32_1.0.0.201904181610/tools/bin/../lib/gcc/arm-none-eabi/7.3.1/thumb/v7e-m/fpv4-sp/hard/crtbegin.o
 *(.bss*)
 .bss.ave_store
                0x00000000200000b4       0x50 Src/encoder.o
 .bss.delta_angle_motor_l
                0x0000000020000104        0x4 Src/encoder.o
                0x0000000020000104                delta_angle_motor_l
 .bss.delta_angle_motor_r
                0x0000000020000108        0x4 Src/encoder.o
                0x0000000020000108                delta_angle_motor_r
 .bss.enc_cnt_l_old
                0x000000002000010c        0x2 Src/encoder.o
 .bss.enc_cnt_r_old
                0x000000002000010e        0x2 Src/encoder.o
 .bss.g_ave_accel_m
                0x0000000020000110        0x4 Src/encoder.o
                0x0000000020000110                g_ave_accel_m
 .bss.g_ave_speed_m
                0x0000000020000114        0x4 Src/encoder.o
                0x0000000020000114                g_ave_speed_m
 .bss.l_ave_counter.10054
                0x0000000020000118        0x2 Src/encoder.o
 *fill*         0x000000002000011a        0x2 
 .bss.speed_l   0x000000002000011c        0x4 Src/encoder.o
                0x000000002000011c                speed_l
 .bss.speed_l_max
                0x0000000020000120        0x4 Src/encoder.o
                0x0000000020000120                speed_l_max
 .bss.speed_l_min
                0x0000000020000124        0x4 Src/encoder.o
                0x0000000020000124                speed_l_min
 .bss.speed_m   0x0000000020000128        0x4 Src/encoder.o
                0x0000000020000128                speed_m
 .bss.speed_r   0x000000002000012c        0x4 Src/encoder.o
                0x000000002000012c                speed_r
 .bss.speed_r_max
                0x0000000020000130        0x4 Src/encoder.o
                0x0000000020000130                speed_r_max
 .bss.speed_r_min
                0x0000000020000134        0x4 Src/encoder.o
                0x0000000020000134                speed_r_min
 .bss.speed_rad
                0x0000000020000138        0x4 Src/encoder.o
                0x0000000020000138                speed_rad
 *fill*         0x000000002000013c        0x4 
 .bss.x_data.6588
                0x0000000020000140     0x2000 Src/idivide.o
 .bss.accel_x_reference
                0x0000000020002140        0x2 Src/imu.o
 .bss.accel_x_value
                0x0000000020002142        0x2 Src/imu.o
 .bss.gyro_z_reference
                0x0000000020002144        0x2 Src/imu.o
 .bss.gyro_z_value
                0x0000000020002146        0x2 Src/imu.o
 .bss.imu_value
                0x0000000020002148        0xd Src/imu.o
 *fill*         0x0000000020002155        0x3 
 .bss.boot_time
                0x0000000020002158        0x4 Src/interrupt.o
 *fill*         0x000000002000215c        0x4 
 .bss.boot_time_count.10030
                0x0000000020002160        0x8 Src/interrupt.o
 .bss.interrupt_count_now
                0x0000000020002168        0x4 Src/interrupt.o
 .bss.interrupt_duty
                0x000000002000216c        0x4 Src/interrupt.o
 .bss.interrupt_duty_max
                0x0000000020002170        0x4 Src/interrupt.o
 .bss.adc_value
                0x0000000020002174        0xa Src/ir_sensor.o
 .bss.battery_value
                0x000000002000217e        0x2 Src/ir_sensor.o
 .bss.mode_number_int
                0x0000000020002180        0x1 Src/ir_sensor.o
                0x0000000020002180                mode_number_int
 .bss.sensor_mode
                0x0000000020002181        0x1 Src/ir_sensor.o
 .bss.sensor_off_pattern
                0x0000000020002182        0x2 Src/ir_sensor.o
 .bss.sensor_on_pattern
                0x0000000020002184        0x2 Src/ir_sensor.o
 *fill*         0x0000000020002186        0x2 
 .bss.sensor_value
                0x0000000020002188       0x10 Src/ir_sensor.o
 .bss.run_mode  0x0000000020002198        0x1 Src/main.o
                0x0000000020002198                run_mode
 *fill*         0x0000000020002199        0x1 
 .bss.wall_sensor_front
                0x000000002000219a        0x2 Src/matlab_code_gen_data.o
                0x000000002000219a                wall_sensor_front
 .bss.wall_sensor_left
                0x000000002000219c        0x2 Src/matlab_code_gen_data.o
                0x000000002000219c                wall_sensor_left
 .bss.wall_sensor_right
                0x000000002000219e        0x2 Src/matlab_code_gen_data.o
                0x000000002000219e                wall_sensor_right
 .bss.b_num_temp_data.10653
                0x00000000200021a0      0x800 Src/maze_solve.o
 .bss.ii_data.10649
                0x00000000200029a0      0x800 Src/maze_solve.o
 .bss.ii_data.10721
                0x00000000200031a0      0x800 Src/maze_solve.o
 .bss.num_temp_data.10651
                0x00000000200039a0      0x800 Src/maze_solve.o
 .bss.num_temp_data.10723
                0x00000000200041a0      0x800 Src/maze_solve.o
 .bss.mode_count
                0x00000000200049a0        0x1 Src/mode.o
                0x00000000200049a0                mode_count
 .bss.mode_number
                0x00000000200049a1        0x1 Src/mode.o
                0x00000000200049a1                mode_number
 .bss.mode_number_old.10012
                0x00000000200049a2        0x1 Src/mode.o
 .bss.stanby_mode
                0x00000000200049a3        0x1 Src/mode.o
                0x00000000200049a3                stanby_mode
 .bss.log_counter
                0x00000000200049a4        0x2 Src/module_test.o
                0x00000000200049a4                log_counter
 *fill*         0x00000000200049a6        0x2 
 .bss.log_store
                0x00000000200049a8    0x16760 Src/module_test.o
 .bss.heap_end.6424
                0x000000002001b108        0x4 Src/sysmem.o
 .bss.accel_dir_flg
                0x000000002001b10c        0x1 Src/target.o
                0x000000002001b10c                accel_dir_flg
 .bss.correction_mode
                0x000000002001b10d        0x1 Src/target.o
                0x000000002001b10d                correction_mode
 *fill*         0x000000002001b10e        0x2 
 .bss.g_accelation_m
                0x000000002001b110        0x4 Src/target.o
                0x000000002001b110                g_accelation_m
 .bss.g_accelation_w
                0x000000002001b114        0x4 Src/target.o
                0x000000002001b114                g_accelation_w
 .bss.ideal_distance_m
                0x000000002001b118        0x4 Src/target.o
                0x000000002001b118                ideal_distance_m
 .bss.ideal_distance_w
                0x000000002001b11c        0x4 Src/target.o
                0x000000002001b11c                ideal_distance_w
 .bss.l_front_sensor_m_err_I.10174
                0x000000002001b120        0x8 Src/target.o
 .bss.l_front_sensor_w_err_I.10175
                0x000000002001b128        0x8 Src/target.o
 .bss.move_dir_flg
                0x000000002001b130        0x1 Src/target.o
                0x000000002001b130                move_dir_flg
 .bss.offset_flg_l.10155
                0x000000002001b131        0x1 Src/target.o
 .bss.offset_flg_r.10154
                0x000000002001b132        0x1 Src/target.o
 *fill*         0x000000002001b133        0x1 
 .bss.operation_amount_l
                0x000000002001b134        0x4 Src/target.o
                0x000000002001b134                operation_amount_l
 .bss.operation_amount_r
                0x000000002001b138        0x4 Src/target.o
                0x000000002001b138                operation_amount_r
 .bss.real_distance_m
                0x000000002001b13c        0x4 Src/target.o
                0x000000002001b13c                real_distance_m
 .bss.real_distance_w
                0x000000002001b140        0x4 Src/target.o