stm32f4xx_it.c:79:6:NMI_Handler	4	static
stm32f4xx_it.c:92:6:HardFault_Handler	4	static
stm32f4xx_it.c:107:6:MemManage_Handler	4	static
stm32f4xx_it.c:122:6:BusFault_Handler	4	static
stm32f4xx_it.c:137:6:UsageFault_Handler	4	static
stm32f4xx_it.c:152:6:SVC_Handler	4	static
stm32f4xx_it.c:165:6:DebugMon_Handler	4	static
stm32f4xx_it.c:178:6:PendSV_Handler	4	static
stm32f4xx_it.c:191:6:SysTick_Handler	8	static
stm32f4xx_it.c:212:6:DMA1_Stream3_IRQHandler	8	static
stm32f4xx_it.c:226:6:DMA1_Stream4_IRQHandler	8	static
stm32f4xx_it.c:240:6:TIM6_DAC_IRQHandler	8	static
stm32f4xx_it.c:256:6:DMA2_Stream0_IRQHandler	8	static
stm32f4xx_it.c:280:6:DMA2_Stream1_IRQHandler	8	static
stm32f4xx_it.c:294:6:DMA2_Stream2_IRQHandler	8	static
