target.c:66:6:real_distance_m_calc	16	static
target.c:74:6:real_distance_w_calc	16	static
target.c:84:6:target_speed_inc	16	static
target.c:156:6:target_speed_m_calc	32	static
target.c:224:6:target_speed_w_calc	40	static
target.c:278:6:Operation_amount_calc	120	static
target.c:493:6:real_distance_m_clr	4	static
target.c:501:6:real_distance_w_clr	4	static
target.c:509:6:target_distance_m_set	16	static
target.c:517:6:target_distance_w_set	16	static
target.c:525:6:target_distance_m_clr	4	static
target.c:534:6:target_distance_w_clr	4	static
target.c:542:6:ideal_distance_m_clr	4	static
target.c:551:6:ideal_distance_w_clr	4	static
target.c:564:6:front_wall_calib_flg_clr	4	static
target.c:582:6:start_acceleration	8	static
target.c:602:6:half_acceleration	8	static
target.c:623:6:half_deceleration	8	static
target.c:643:6:constant_speed	8	static
target.c:663:6:turn_clk_90	8	static
target.c:683:6:turn_conclk_90	8	static
target.c:703:6:turn_conclk_180	8	static
target.c:730:6:move_front	8	static
target.c:745:6:move_right	8	static
target.c:769:6:move_left	8	static
target.c:793:6:move_back	8	static
target.c:848:6:fornt_wall_calibrate	56	static
target.c:889:6:calibrate_tim	4	static
